[2025-05-02T11:33:39.556+0200][gc,heap] Heap region size: 1M
[2025-05-02T11:33:39.568+0200][gc     ] Using G1
[2025-05-02T11:33:39.568+0200][gc,heap,coops] Heap address: 0x00000000c0000000, size: 1024 MB, Compressed Oops mode: 32-bit
[2025-05-02T11:33:39.569+0200][gc,cds       ] Mark closed archive regions in map: [0x00000000fff00000, 0x00000000fff6bff8]
[2025-05-02T11:33:39.569+0200][gc,cds       ] Mark open archive regions in map: [0x00000000ffe00000, 0x00000000ffe47ff8]
[2025-05-02T11:33:41.079+0200][gc,start     ] GC(0) Pause Young (Normal) (G1 Evacuation Pause)
[2025-05-02T11:33:41.081+0200][gc,task      ] GC(0) Using 10 workers of 10 for evacuation
[2025-05-02T11:33:41.099+0200][gc,phases    ] GC(0)   Pre Evacuate Collection Set: 0.0ms
[2025-05-02T11:33:41.099+0200][gc,phases    ] GC(0)   Evacuate Collection Set: 16.4ms
[2025-05-02T11:33:41.099+0200][gc,phases    ] GC(0)   Post Evacuate Collection Set: 0.8ms
[2025-05-02T11:33:41.099+0200][gc,phases    ] GC(0)   Other: 2.3ms
[2025-05-02T11:33:41.099+0200][gc,heap      ] GC(0) Eden regions: 51->0(44)
[2025-05-02T11:33:41.099+0200][gc,heap      ] GC(0) Survivor regions: 0->7(7)
[2025-05-02T11:33:41.099+0200][gc,heap      ] GC(0) Old regions: 2->3
[2025-05-02T11:33:41.099+0200][gc,heap      ] GC(0) Humongous regions: 0->0
[2025-05-02T11:33:41.099+0200][gc,metaspace ] GC(0) Metaspace: 13958K(14848K)->13958K(14848K) NonClass: 12233K(12800K)->12233K(12800K) Class: 1724K(2048K)->1724K(2048K)
[2025-05-02T11:33:41.099+0200][gc           ] GC(0) Pause Young (Normal) (G1 Evacuation Pause) 51M->8M(1024M) 19.755ms
[2025-05-02T11:33:41.099+0200][gc,cpu       ] GC(0) User=0.08s Sys=0.09s Real=0.02s
[2025-05-02T11:33:41.926+0200][gc,start     ] GC(1) Pause Young (Concurrent Start) (Metadata GC Threshold)
[2025-05-02T11:33:41.926+0200][gc,task      ] GC(1) Using 10 workers of 10 for evacuation
[2025-05-02T11:33:41.940+0200][gc,phases    ] GC(1)   Pre Evacuate Collection Set: 0.1ms
[2025-05-02T11:33:41.940+0200][gc,phases    ] GC(1)   Evacuate Collection Set: 12.1ms
[2025-05-02T11:33:41.940+0200][gc,phases    ] GC(1)   Post Evacuate Collection Set: 1.2ms
[2025-05-02T11:33:41.940+0200][gc,phases    ] GC(1)   Other: 0.4ms
[2025-05-02T11:33:41.940+0200][gc,heap      ] GC(1) Eden regions: 31->0(49)
[2025-05-02T11:33:41.940+0200][gc,heap      ] GC(1) Survivor regions: 7->2(7)
[2025-05-02T11:33:41.940+0200][gc,heap      ] GC(1) Old regions: 3->10
[2025-05-02T11:33:41.940+0200][gc,heap      ] GC(1) Humongous regions: 0->0
[2025-05-02T11:33:41.940+0200][gc,metaspace ] GC(1) Metaspace: 20451K(21248K)->20451K(21248K) NonClass: 17998K(18432K)->17998K(18432K) Class: 2453K(2816K)->2453K(2816K)
[2025-05-02T11:33:41.940+0200][gc           ] GC(1) Pause Young (Concurrent Start) (Metadata GC Threshold) 38M->9M(1024M) 14.227ms
[2025-05-02T11:33:41.940+0200][gc,cpu       ] GC(1) User=0.07s Sys=0.00s Real=0.02s
[2025-05-02T11:33:41.940+0200][gc           ] GC(2) Concurrent Cycle
[2025-05-02T11:33:41.940+0200][gc,marking   ] GC(2) Concurrent Clear Claimed Marks
[2025-05-02T11:33:41.940+0200][gc,marking   ] GC(2) Concurrent Clear Claimed Marks 0.104ms
[2025-05-02T11:33:41.940+0200][gc,marking   ] GC(2) Concurrent Scan Root Regions
[2025-05-02T11:33:41.942+0200][gc,marking   ] GC(2) Concurrent Scan Root Regions 2.059ms
[2025-05-02T11:33:41.943+0200][gc,marking   ] GC(2) Concurrent Mark (2.392s)
[2025-05-02T11:33:41.943+0200][gc,marking   ] GC(2) Concurrent Mark From Roots
[2025-05-02T11:33:41.943+0200][gc,task      ] GC(2) Using 3 workers of 3 for marking
[2025-05-02T11:33:41.948+0200][gc,marking   ] GC(2) Concurrent Mark From Roots 5.651ms
[2025-05-02T11:33:41.948+0200][gc,marking   ] GC(2) Concurrent Preclean
[2025-05-02T11:33:41.949+0200][gc,marking   ] GC(2) Concurrent Preclean 0.196ms
[2025-05-02T11:33:41.949+0200][gc,marking   ] GC(2) Concurrent Mark (2.392s, 2.398s) 6.000ms
[2025-05-02T11:33:41.949+0200][gc,start     ] GC(2) Pause Remark
[2025-05-02T11:33:41.953+0200][gc,stringtable] GC(2) Cleaned string and symbol table, strings: 5677 processed, 0 removed, symbols: 53796 processed, 42 removed
[2025-05-02T11:33:41.953+0200][gc            ] GC(2) Pause Remark 9M->9M(1024M) 3.914ms
[2025-05-02T11:33:41.953+0200][gc,cpu        ] GC(2) User=0.02s Sys=0.00s Real=0.00s
[2025-05-02T11:33:41.953+0200][gc,marking    ] GC(2) Concurrent Rebuild Remembered Sets
[2025-05-02T11:33:41.956+0200][gc,marking    ] GC(2) Concurrent Rebuild Remembered Sets 2.450ms
[2025-05-02T11:33:41.956+0200][gc,start      ] GC(2) Pause Cleanup
[2025-05-02T11:33:41.957+0200][gc            ] GC(2) Pause Cleanup 9M->9M(1024M) 0.612ms
[2025-05-02T11:33:41.957+0200][gc,cpu        ] GC(2) User=0.00s Sys=0.00s Real=0.00s
[2025-05-02T11:33:41.957+0200][gc,marking    ] GC(2) Concurrent Cleanup for Next Mark
[2025-05-02T11:33:41.965+0200][gc,marking    ] GC(2) Concurrent Cleanup for Next Mark 7.545ms
[2025-05-02T11:33:41.965+0200][gc            ] GC(2) Concurrent Cycle 24.795ms
[2025-05-02T11:33:43.067+0200][gc,start      ] GC(3) Pause Young (Normal) (G1 Evacuation Pause)
[2025-05-02T11:33:43.067+0200][gc,task       ] GC(3) Using 10 workers of 10 for evacuation
[2025-05-02T11:33:43.073+0200][gc,phases     ] GC(3)   Pre Evacuate Collection Set: 0.0ms
[2025-05-02T11:33:43.073+0200][gc,phases     ] GC(3)   Evacuate Collection Set: 4.2ms
[2025-05-02T11:33:43.073+0200][gc,phases     ] GC(3)   Post Evacuate Collection Set: 0.9ms
[2025-05-02T11:33:43.073+0200][gc,phases     ] GC(3)   Other: 0.3ms
[2025-05-02T11:33:43.073+0200][gc,heap       ] GC(3) Eden regions: 49->0(46)
[2025-05-02T11:33:43.073+0200][gc,heap       ] GC(3) Survivor regions: 2->5(7)
[2025-05-02T11:33:43.073+0200][gc,heap       ] GC(3) Old regions: 10->10
[2025-05-02T11:33:43.073+0200][gc,heap       ] GC(3) Humongous regions: 129->129
[2025-05-02T11:33:43.073+0200][gc,metaspace  ] GC(3) Metaspace: 28887K(29952K)->28887K(29952K) NonClass: 25524K(26112K)->25524K(26112K) Class: 3362K(3840K)->3362K(3840K)
[2025-05-02T11:33:43.073+0200][gc            ] GC(3) Pause Young (Normal) (G1 Evacuation Pause) 187M->141M(1024M) 5.680ms
[2025-05-02T11:33:43.073+0200][gc,cpu        ] GC(3) User=0.03s Sys=0.00s Real=0.00s
[2025-05-02T11:33:43.740+0200][gc,start      ] GC(4) Pause Young (Concurrent Start) (Metadata GC Threshold)
[2025-05-02T11:33:43.740+0200][gc,task       ] GC(4) Using 10 workers of 10 for evacuation
[2025-05-02T11:33:43.750+0200][gc,phases     ] GC(4)   Pre Evacuate Collection Set: 0.2ms
[2025-05-02T11:33:43.750+0200][gc,phases     ] GC(4)   Evacuate Collection Set: 8.2ms
[2025-05-02T11:33:43.750+0200][gc,phases     ] GC(4)   Post Evacuate Collection Set: 0.9ms
[2025-05-02T11:33:43.750+0200][gc,phases     ] GC(4)   Other: 0.4ms
[2025-05-02T11:33:43.750+0200][gc,heap       ] GC(4) Eden regions: 35->0(45)
[2025-05-02T11:33:43.750+0200][gc,heap       ] GC(4) Survivor regions: 5->6(7)
[2025-05-02T11:33:43.750+0200][gc,heap       ] GC(4) Old regions: 10->11
[2025-05-02T11:33:43.750+0200][gc,heap       ] GC(4) Humongous regions: 129->129
[2025-05-02T11:33:43.750+0200][gc,metaspace  ] GC(4) Metaspace: 34626K(35840K)->34626K(35840K) NonClass: 30691K(31360K)->30691K(31360K) Class: 3934K(4480K)->3934K(4480K)
[2025-05-02T11:33:43.750+0200][gc            ] GC(4) Pause Young (Concurrent Start) (Metadata GC Threshold) 176M->143M(1024M) 9.744ms
[2025-05-02T11:33:43.750+0200][gc,cpu        ] GC(4) User=0.02s Sys=0.03s Real=0.01s
[2025-05-02T11:33:43.750+0200][gc            ] GC(5) Concurrent Cycle
[2025-05-02T11:33:43.750+0200][gc,marking    ] GC(5) Concurrent Clear Claimed Marks
[2025-05-02T11:33:43.750+0200][gc,marking    ] GC(5) Concurrent Clear Claimed Marks 0.149ms
[2025-05-02T11:33:43.750+0200][gc,marking    ] GC(5) Concurrent Scan Root Regions
[2025-05-02T11:33:43.752+0200][gc,marking    ] GC(5) Concurrent Scan Root Regions 2.154ms
[2025-05-02T11:33:43.752+0200][gc,marking    ] GC(5) Concurrent Mark (4.202s)
[2025-05-02T11:33:43.752+0200][gc,marking    ] GC(5) Concurrent Mark From Roots
[2025-05-02T11:33:43.752+0200][gc,task       ] GC(5) Using 3 workers of 3 for marking
[2025-05-02T11:33:43.759+0200][gc,marking    ] GC(5) Concurrent Mark From Roots 6.452ms
[2025-05-02T11:33:43.759+0200][gc,marking    ] GC(5) Concurrent Preclean
[2025-05-02T11:33:43.759+0200][gc,marking    ] GC(5) Concurrent Preclean 0.183ms
[2025-05-02T11:33:43.759+0200][gc,marking    ] GC(5) Concurrent Mark (4.202s, 4.208s) 6.752ms
[2025-05-02T11:33:43.760+0200][gc,start      ] GC(5) Pause Remark
[2025-05-02T11:33:43.767+0200][gc,stringtable] GC(5) Cleaned string and symbol table, strings: 11596 processed, 10 removed, symbols: 88761 processed, 19 removed
[2025-05-02T11:33:43.767+0200][gc            ] GC(5) Pause Remark 144M->144M(1024M) 7.480ms
[2025-05-02T11:33:43.767+0200][gc,cpu        ] GC(5) User=0.04s Sys=0.03s Real=0.01s
[2025-05-02T11:33:43.767+0200][gc,marking    ] GC(5) Concurrent Rebuild Remembered Sets
[2025-05-02T11:33:43.770+0200][gc,marking    ] GC(5) Concurrent Rebuild Remembered Sets 2.588ms
[2025-05-02T11:33:43.771+0200][gc,start      ] GC(5) Pause Cleanup
[2025-05-02T11:33:43.771+0200][gc            ] GC(5) Pause Cleanup 144M->144M(1024M) 0.366ms
[2025-05-02T11:33:43.771+0200][gc,cpu        ] GC(5) User=0.00s Sys=0.00s Real=0.00s
[2025-05-02T11:33:43.771+0200][gc,marking    ] GC(5) Concurrent Cleanup for Next Mark
[2025-05-02T11:33:43.788+0200][gc,marking    ] GC(5) Concurrent Cleanup for Next Mark 16.420ms
[2025-05-02T11:33:43.788+0200][gc            ] GC(5) Concurrent Cycle 37.627ms
[2025-05-02T11:38:05.888+0200][gc,start      ] GC(6) Pause Young (Normal) (G1 Evacuation Pause)
[2025-05-02T11:38:05.888+0200][gc,task       ] GC(6) Using 10 workers of 10 for evacuation
[2025-05-02T11:38:05.899+0200][gc,phases     ] GC(6)   Pre Evacuate Collection Set: 0.8ms
[2025-05-02T11:38:05.899+0200][gc,phases     ] GC(6)   Evacuate Collection Set: 8.4ms
[2025-05-02T11:38:05.899+0200][gc,phases     ] GC(6)   Post Evacuate Collection Set: 1.5ms
[2025-05-02T11:38:05.899+0200][gc,phases     ] GC(6)   Other: 0.4ms
[2025-05-02T11:38:05.899+0200][gc,heap       ] GC(6) Eden regions: 45->0(45)
[2025-05-02T11:38:05.899+0200][gc,heap       ] GC(6) Survivor regions: 6->6(7)
[2025-05-02T11:38:05.899+0200][gc,heap       ] GC(6) Old regions: 11->13
[2025-05-02T11:38:05.899+0200][gc,heap       ] GC(6) Humongous regions: 129->129
[2025-05-02T11:38:05.899+0200][gc,metaspace  ] GC(6) Metaspace: 41182K(43392K)->41182K(43392K) NonClass: 36009K(37120K)->36009K(37120K) Class: 5173K(6272K)->5173K(6272K)
[2025-05-02T11:38:05.899+0200][gc            ] GC(6) Pause Young (Normal) (G1 Evacuation Pause) 188M->146M(1024M) 11.198ms
[2025-05-02T11:38:05.899+0200][gc,cpu        ] GC(6) User=0.09s Sys=0.00s Real=0.01s
[2025-05-02T11:45:34.948+0200][gc,start      ] GC(7) Pause Young (Normal) (G1 Evacuation Pause)
[2025-05-02T11:45:34.948+0200][gc,task       ] GC(7) Using 10 workers of 10 for evacuation
[2025-05-02T11:45:34.961+0200][gc,phases     ] GC(7)   Pre Evacuate Collection Set: 0.5ms
[2025-05-02T11:45:34.961+0200][gc,phases     ] GC(7)   Evacuate Collection Set: 10.5ms
[2025-05-02T11:45:34.961+0200][gc,phases     ] GC(7)   Post Evacuate Collection Set: 1.7ms
[2025-05-02T11:45:34.961+0200][gc,phases     ] GC(7)   Other: 0.5ms
[2025-05-02T11:45:34.961+0200][gc,heap       ] GC(7) Eden regions: 45->0(44)
[2025-05-02T11:45:34.961+0200][gc,heap       ] GC(7) Survivor regions: 6->7(7)
[2025-05-02T11:45:34.961+0200][gc,heap       ] GC(7) Old regions: 13->16
[2025-05-02T11:45:34.961+0200][gc,heap       ] GC(7) Humongous regions: 129->129
[2025-05-02T11:45:34.961+0200][gc,metaspace  ] GC(7) Metaspace: 44674K(47488K)->44674K(47488K) NonClass: 39009K(40448K)->39009K(40448K) Class: 5664K(7040K)->5664K(7040K)
[2025-05-02T11:45:34.961+0200][gc            ] GC(7) Pause Young (Normal) (G1 Evacuation Pause) 191M->150M(1024M) 13.297ms
[2025-05-02T11:45:34.961+0200][gc,cpu        ] GC(7) User=0.10s Sys=0.00s Real=0.02s
[2025-05-02T11:59:33.958+0200][gc,start      ] GC(8) Pause Young (Normal) (G1 Evacuation Pause)
[2025-05-02T11:59:33.967+0200][gc,task       ] GC(8) Using 10 workers of 10 for evacuation
[2025-05-02T11:59:33.982+0200][gc,phases     ] GC(8)   Pre Evacuate Collection Set: 0.4ms
[2025-05-02T11:59:33.982+0200][gc,phases     ] GC(8)   Evacuate Collection Set: 12.5ms
[2025-05-02T11:59:33.982+0200][gc,phases     ] GC(8)   Post Evacuate Collection Set: 1.6ms
[2025-05-02T11:59:33.982+0200][gc,phases     ] GC(8)   Other: 9.7ms
[2025-05-02T11:59:33.982+0200][gc,heap       ] GC(8) Eden regions: 44->0(48)
[2025-05-02T11:59:33.982+0200][gc,heap       ] GC(8) Survivor regions: 7->3(7)
[2025-05-02T11:59:33.982+0200][gc,heap       ] GC(8) Old regions: 16->21
[2025-05-02T11:59:33.982+0200][gc,heap       ] GC(8) Humongous regions: 129->129
[2025-05-02T11:59:33.982+0200][gc,metaspace  ] GC(8) Metaspace: 45362K(48128K)->45362K(48128K) NonClass: 39551K(40960K)->39551K(40960K) Class: 5811K(7168K)->5811K(7168K)
[2025-05-02T11:59:33.982+0200][gc            ] GC(8) Pause Young (Normal) (G1 Evacuation Pause) 194M->150M(1024M) 24.501ms
[2025-05-02T11:59:33.982+0200][gc,cpu        ] GC(8) User=0.11s Sys=0.01s Real=0.03s
[2025-05-02T12:12:56.002+0200][gc,start      ] GC(9) Pause Young (Normal) (G1 Evacuation Pause)
[2025-05-02T12:12:56.003+0200][gc,task       ] GC(9) Using 10 workers of 10 for evacuation
[2025-05-02T12:12:56.012+0200][gc,phases     ] GC(9)   Pre Evacuate Collection Set: 3.1ms
[2025-05-02T12:12:56.012+0200][gc,phases     ] GC(9)   Evacuate Collection Set: 4.9ms
[2025-05-02T12:12:56.012+0200][gc,phases     ] GC(9)   Post Evacuate Collection Set: 1.0ms
[2025-05-02T12:12:56.012+0200][gc,phases     ] GC(9)   Other: 0.6ms
[2025-05-02T12:12:56.012+0200][gc,heap       ] GC(9) Eden regions: 48->0(47)
[2025-05-02T12:12:56.012+0200][gc,heap       ] GC(9) Survivor regions: 3->4(7)
[2025-05-02T12:12:56.012+0200][gc,heap       ] GC(9) Old regions: 21->21
[2025-05-02T12:12:56.012+0200][gc,heap       ] GC(9) Humongous regions: 129->129
[2025-05-02T12:12:56.012+0200][gc,metaspace  ] GC(9) Metaspace: 45693K(48640K)->45693K(48640K) NonClass: 39880K(41472K)->39880K(41472K) Class: 5813K(7168K)->5813K(7168K)
[2025-05-02T12:12:56.012+0200][gc            ] GC(9) Pause Young (Normal) (G1 Evacuation Pause) 198M->151M(1024M) 9.776ms
[2025-05-02T12:12:56.012+0200][gc,cpu        ] GC(9) User=0.04s Sys=0.00s Real=0.01s
[2025-05-02T12:13:28.087+0200][gc,start      ] GC(10) Pause Young (Normal) (G1 Evacuation Pause)
[2025-05-02T12:13:28.088+0200][gc,task       ] GC(10) Using 10 workers of 10 for evacuation
[2025-05-02T12:13:28.095+0200][gc,phases     ] GC(10)   Pre Evacuate Collection Set: 0.3ms
[2025-05-02T12:13:28.095+0200][gc,phases     ] GC(10)   Evacuate Collection Set: 5.0ms
[2025-05-02T12:13:28.095+0200][gc,phases     ] GC(10)   Post Evacuate Collection Set: 1.8ms
[2025-05-02T12:13:28.095+0200][gc,phases     ] GC(10)   Other: 0.3ms
[2025-05-02T12:13:28.095+0200][gc,heap       ] GC(10) Eden regions: 47->0(48)
[2025-05-02T12:13:28.095+0200][gc,heap       ] GC(10) Survivor regions: 4->6(7)
[2025-05-02T12:13:28.095+0200][gc,heap       ] GC(10) Old regions: 21->21
[2025-05-02T12:13:28.095+0200][gc,heap       ] GC(10) Humongous regions: 129->129
[2025-05-02T12:13:28.095+0200][gc,metaspace  ] GC(10) Metaspace: 45694K(48768K)->45694K(48768K) NonClass: 39880K(41472K)->39880K(41472K) Class: 5814K(7296K)->5814K(7296K)
[2025-05-02T12:13:28.095+0200][gc            ] GC(10) Pause Young (Normal) (G1 Evacuation Pause) 198M->153M(1024M) 7.586ms
[2025-05-02T12:13:28.095+0200][gc,cpu        ] GC(10) User=0.06s Sys=0.00s Real=0.01s
[2025-05-02T12:14:02.700+0200][gc,start      ] GC(11) Pause Young (Normal) (G1 Evacuation Pause)
[2025-05-02T12:14:02.700+0200][gc,task       ] GC(11) Using 10 workers of 10 for evacuation
[2025-05-02T12:14:02.712+0200][gc,phases     ] GC(11)   Pre Evacuate Collection Set: 0.2ms
[2025-05-02T12:14:02.712+0200][gc,phases     ] GC(11)   Evacuate Collection Set: 10.9ms
[2025-05-02T12:14:02.712+0200][gc,phases     ] GC(11)   Post Evacuate Collection Set: 0.8ms
[2025-05-02T12:14:02.712+0200][gc,phases     ] GC(11)   Other: 0.4ms
[2025-05-02T12:14:02.712+0200][gc,heap       ] GC(11) Eden regions: 48->0(51)
[2025-05-02T12:14:02.712+0200][gc,heap       ] GC(11) Survivor regions: 6->5(7)
[2025-05-02T12:14:02.712+0200][gc,heap       ] GC(11) Old regions: 21->22
[2025-05-02T12:14:02.712+0200][gc,heap       ] GC(11) Humongous regions: 129->129
[2025-05-02T12:14:02.712+0200][gc,metaspace  ] GC(11) Metaspace: 45695K(48768K)->45695K(48768K) NonClass: 39881K(41472K)->39881K(41472K) Class: 5814K(7296K)->5814K(7296K)
[2025-05-02T12:14:02.712+0200][gc            ] GC(11) Pause Young (Normal) (G1 Evacuation Pause) 201M->154M(1024M) 12.407ms
[2025-05-02T12:14:02.712+0200][gc,cpu        ] GC(11) User=0.00s Sys=0.09s Real=0.01s
[2025-05-02T12:14:38.449+0200][gc,start      ] GC(12) Pause Young (Normal) (G1 Evacuation Pause)
[2025-05-02T12:14:38.449+0200][gc,task       ] GC(12) Using 10 workers of 10 for evacuation
[2025-05-02T12:14:38.460+0200][gc,phases     ] GC(12)   Pre Evacuate Collection Set: 0.1ms
[2025-05-02T12:14:38.460+0200][gc,phases     ] GC(12)   Evacuate Collection Set: 9.3ms
[2025-05-02T12:14:38.460+0200][gc,phases     ] GC(12)   Post Evacuate Collection Set: 0.9ms
[2025-05-02T12:14:38.460+0200][gc,phases     ] GC(12)   Other: 0.3ms
[2025-05-02T12:14:38.460+0200][gc,heap       ] GC(12) Eden regions: 51->0(56)
[2025-05-02T12:14:38.460+0200][gc,heap       ] GC(12) Survivor regions: 5->5(7)
[2025-05-02T12:14:38.460+0200][gc,heap       ] GC(12) Old regions: 22->24
[2025-05-02T12:14:38.460+0200][gc,heap       ] GC(12) Humongous regions: 129->129
[2025-05-02T12:14:38.460+0200][gc,metaspace  ] GC(12) Metaspace: 45697K(48768K)->45697K(48768K) NonClass: 39882K(41472K)->39882K(41472K) Class: 5814K(7296K)->5814K(7296K)
[2025-05-02T12:14:38.460+0200][gc            ] GC(12) Pause Young (Normal) (G1 Evacuation Pause) 205M->155M(1024M) 10.776ms
[2025-05-02T12:14:38.460+0200][gc,cpu        ] GC(12) User=0.08s Sys=0.02s Real=0.01s
[2025-05-02T12:20:32.145+0200][gc,start      ] GC(13) Pause Young (Normal) (G1 Evacuation Pause)
[2025-05-02T12:20:32.146+0200][gc,task       ] GC(13) Using 10 workers of 10 for evacuation
[2025-05-02T12:20:32.164+0200][gc,phases     ] GC(13)   Pre Evacuate Collection Set: 0.4ms
[2025-05-02T12:20:32.164+0200][gc,phases     ] GC(13)   Evacuate Collection Set: 16.3ms
[2025-05-02T12:20:32.164+0200][gc,phases     ] GC(13)   Post Evacuate Collection Set: 1.1ms
[2025-05-02T12:20:32.164+0200][gc,phases     ] GC(13)   Other: 0.8ms
[2025-05-02T12:20:32.164+0200][gc,heap       ] GC(13) Eden regions: 56->0(66)
[2025-05-02T12:20:32.164+0200][gc,heap       ] GC(13) Survivor regions: 5->8(8)
[2025-05-02T12:20:32.164+0200][gc,heap       ] GC(13) Old regions: 24->24
[2025-05-02T12:20:32.164+0200][gc,heap       ] GC(13) Humongous regions: 129->129
[2025-05-02T12:20:32.164+0200][gc,metaspace  ] GC(13) Metaspace: 45771K(48768K)->45771K(48768K) NonClass: 39957K(41472K)->39957K(41472K) Class: 5814K(7296K)->5814K(7296K)
[2025-05-02T12:20:32.164+0200][gc            ] GC(13) Pause Young (Normal) (G1 Evacuation Pause) 211M->159M(1024M) 18.767ms
[2025-05-02T12:20:32.164+0200][gc,cpu        ] GC(13) User=0.09s Sys=0.04s Real=0.02s
[2025-05-02T12:21:16.878+0200][gc,start      ] GC(14) Pause Young (Normal) (G1 Evacuation Pause)
[2025-05-02T12:21:16.878+0200][gc,task       ] GC(14) Using 10 workers of 10 for evacuation
[2025-05-02T12:21:16.893+0200][gc,phases     ] GC(14)   Pre Evacuate Collection Set: 0.1ms
[2025-05-02T12:21:16.893+0200][gc,phases     ] GC(14)   Evacuate Collection Set: 13.5ms
[2025-05-02T12:21:16.893+0200][gc,phases     ] GC(14)   Post Evacuate Collection Set: 0.8ms
[2025-05-02T12:21:16.893+0200][gc,phases     ] GC(14)   Other: 0.4ms
[2025-05-02T12:21:16.893+0200][gc,heap       ] GC(14) Eden regions: 63->0(63)
[2025-05-02T12:21:16.893+0200][gc,heap       ] GC(14) Survivor regions: 8->7(9)
[2025-05-02T12:21:16.893+0200][gc,heap       ] GC(14) Old regions: 24->28
[2025-05-02T12:21:16.893+0200][gc,heap       ] GC(14) Humongous regions: 129->129
[2025-05-02T12:21:16.893+0200][gc,metaspace  ] GC(14) Metaspace: 45771K(48768K)->45771K(48768K) NonClass: 39957K(41472K)->39957K(41472K) Class: 5814K(7296K)->5814K(7296K)
[2025-05-02T12:21:16.893+0200][gc            ] GC(14) Pause Young (Normal) (G1 Evacuation Pause) 222M->161M(1024M) 14.937ms
[2025-05-02T12:21:16.893+0200][gc,cpu        ] GC(14) User=0.07s Sys=0.08s Real=0.01s
[2025-05-02T12:22:03.916+0200][gc,start      ] GC(15) Pause Young (Normal) (G1 Evacuation Pause)
[2025-05-02T12:22:03.916+0200][gc,task       ] GC(15) Using 10 workers of 10 for evacuation
[2025-05-02T12:22:03.939+0200][gc,mmu        ] GC(15) MMU target violated: 21.0ms (20.0ms/21.0ms)
[2025-05-02T12:22:03.939+0200][gc,phases     ] GC(15)   Pre Evacuate Collection Set: 0.5ms
[2025-05-02T12:22:03.939+0200][gc,phases     ] GC(15)   Evacuate Collection Set: 21.1ms
[2025-05-02T12:22:03.939+0200][gc,phases     ] GC(15)   Post Evacuate Collection Set: 0.9ms
[2025-05-02T12:22:03.939+0200][gc,phases     ] GC(15)   Other: 0.9ms
[2025-05-02T12:22:03.939+0200][gc,heap       ] GC(15) Eden regions: 62->0(68)
[2025-05-02T12:22:03.939+0200][gc,heap       ] GC(15) Survivor regions: 7->4(9)
[2025-05-02T12:22:03.939+0200][gc,heap       ] GC(15) Old regions: 28->32
[2025-05-02T12:22:03.939+0200][gc,heap       ] GC(15) Humongous regions: 129->129
[2025-05-02T12:22:03.939+0200][gc,metaspace  ] GC(15) Metaspace: 45780K(48768K)->45780K(48768K) NonClass: 39966K(41472K)->39966K(41472K) Class: 5814K(7296K)->5814K(7296K)
[2025-05-02T12:22:03.939+0200][gc            ] GC(15) Pause Young (Normal) (G1 Evacuation Pause) 223M->162M(1024M) 23.373ms
[2025-05-02T12:22:03.939+0200][gc,cpu        ] GC(15) User=0.11s Sys=0.03s Real=0.02s
[2025-05-02T12:22:50.648+0200][gc,start      ] GC(16) Pause Young (Normal) (G1 Evacuation Pause)
[2025-05-02T12:22:50.648+0200][gc,task       ] GC(16) Using 10 workers of 10 for evacuation
[2025-05-02T12:22:50.657+0200][gc,phases     ] GC(16)   Pre Evacuate Collection Set: 0.1ms
[2025-05-02T12:22:50.657+0200][gc,phases     ] GC(16)   Evacuate Collection Set: 7.6ms
[2025-05-02T12:22:50.657+0200][gc,phases     ] GC(16)   Post Evacuate Collection Set: 0.9ms
[2025-05-02T12:22:50.657+0200][gc,phases     ] GC(16)   Other: 0.4ms
[2025-05-02T12:22:50.657+0200][gc,heap       ] GC(16) Eden regions: 68->0(74)
[2025-05-02T12:22:50.657+0200][gc,heap       ] GC(16) Survivor regions: 4->5(9)
[2025-05-02T12:22:50.657+0200][gc,heap       ] GC(16) Old regions: 32->32
[2025-05-02T12:22:50.657+0200][gc,heap       ] GC(16) Humongous regions: 129->129
[2025-05-02T12:22:50.657+0200][gc,metaspace  ] GC(16) Metaspace: 45782K(48768K)->45782K(48768K) NonClass: 39968K(41472K)->39968K(41472K) Class: 5814K(7296K)->5814K(7296K)
[2025-05-02T12:22:50.657+0200][gc            ] GC(16) Pause Young (Normal) (G1 Evacuation Pause) 230M->163M(1024M) 9.167ms
[2025-05-02T12:22:50.657+0200][gc,cpu        ] GC(16) User=0.06s Sys=0.00s Real=0.01s
[2025-05-02T12:23:41.525+0200][gc,start      ] GC(17) Pause Young (Normal) (G1 Evacuation Pause)
[2025-05-02T12:23:41.525+0200][gc,task       ] GC(17) Using 10 workers of 10 for evacuation
[2025-05-02T12:23:41.549+0200][gc,mmu        ] GC(17) MMU target violated: 21.0ms (20.0ms/21.0ms)
[2025-05-02T12:23:41.549+0200][gc,phases     ] GC(17)   Pre Evacuate Collection Set: 0.2ms
[2025-05-02T12:23:41.549+0200][gc,phases     ] GC(17)   Evacuate Collection Set: 22.1ms
[2025-05-02T12:23:41.549+0200][gc,phases     ] GC(17)   Post Evacuate Collection Set: 0.9ms
[2025-05-02T12:23:41.549+0200][gc,phases     ] GC(17)   Other: 0.5ms
[2025-05-02T12:23:41.549+0200][gc,heap       ] GC(17) Eden regions: 74->0(81)
[2025-05-02T12:23:41.549+0200][gc,heap       ] GC(17) Survivor regions: 5->6(10)
[2025-05-02T12:23:41.549+0200][gc,heap       ] GC(17) Old regions: 32->32
[2025-05-02T12:23:41.549+0200][gc,heap       ] GC(17) Humongous regions: 129->129
[2025-05-02T12:23:41.549+0200][gc,metaspace  ] GC(17) Metaspace: 45785K(48768K)->45785K(48768K) NonClass: 39971K(41472K)->39971K(41472K) Class: 5814K(7296K)->5814K(7296K)
[2025-05-02T12:23:41.549+0200][gc            ] GC(17) Pause Young (Normal) (G1 Evacuation Pause) 237M->164M(1024M) 23.842ms
[2025-05-02T12:23:41.549+0200][gc,cpu        ] GC(17) User=0.08s Sys=0.10s Real=0.03s
[2025-05-02T12:25:23.185+0200][gc,start      ] GC(18) Pause Young (Normal) (G1 Evacuation Pause)
[2025-05-02T12:25:23.185+0200][gc,task       ] GC(18) Using 10 workers of 10 for evacuation
[2025-05-02T12:25:23.197+0200][gc,phases     ] GC(18)   Pre Evacuate Collection Set: 0.2ms
[2025-05-02T12:25:23.197+0200][gc,phases     ] GC(18)   Evacuate Collection Set: 11.2ms
[2025-05-02T12:25:23.197+0200][gc,phases     ] GC(18)   Post Evacuate Collection Set: 0.8ms
[2025-05-02T12:25:23.197+0200][gc,phases     ] GC(18)   Other: 0.4ms
[2025-05-02T12:25:23.198+0200][gc,heap       ] GC(18) Eden regions: 81->0(84)
[2025-05-02T12:25:23.198+0200][gc,heap       ] GC(18) Survivor regions: 6->7(11)
[2025-05-02T12:25:23.198+0200][gc,heap       ] GC(18) Old regions: 32->32
[2025-05-02T12:25:23.198+0200][gc,heap       ] GC(18) Humongous regions: 129->129
[2025-05-02T12:25:23.198+0200][gc,metaspace  ] GC(18) Metaspace: 45797K(48768K)->45797K(48768K) NonClass: 39983K(41472K)->39983K(41472K) Class: 5814K(7296K)->5814K(7296K)
[2025-05-02T12:25:23.198+0200][gc            ] GC(18) Pause Young (Normal) (G1 Evacuation Pause) 245M->165M(1024M) 12.787ms
[2025-05-02T12:25:23.198+0200][gc,cpu        ] GC(18) User=0.09s Sys=0.03s Real=0.02s
[2025-05-02T12:26:25.536+0200][gc,start      ] GC(19) Pause Young (Normal) (G1 Evacuation Pause)
[2025-05-02T12:26:25.536+0200][gc,task       ] GC(19) Using 10 workers of 10 for evacuation
[2025-05-02T12:26:25.552+0200][gc,phases     ] GC(19)   Pre Evacuate Collection Set: 0.1ms
[2025-05-02T12:26:25.552+0200][gc,phases     ] GC(19)   Evacuate Collection Set: 14.4ms
[2025-05-02T12:26:25.552+0200][gc,phases     ] GC(19)   Post Evacuate Collection Set: 0.8ms
[2025-05-02T12:26:25.552+0200][gc,phases     ] GC(19)   Other: 0.4ms
[2025-05-02T12:26:25.552+0200][gc,heap       ] GC(19) Eden regions: 84->0(86)
[2025-05-02T12:26:25.552+0200][gc,heap       ] GC(19) Survivor regions: 7->7(12)
[2025-05-02T12:26:25.552+0200][gc,heap       ] GC(19) Old regions: 32->34
[2025-05-02T12:26:25.552+0200][gc,heap       ] GC(19) Humongous regions: 129->129
[2025-05-02T12:26:25.552+0200][gc,metaspace  ] GC(19) Metaspace: 45799K(48768K)->45799K(48768K) NonClass: 39985K(41472K)->39985K(41472K) Class: 5814K(7296K)->5814K(7296K)
[2025-05-02T12:26:25.552+0200][gc            ] GC(19) Pause Young (Normal) (G1 Evacuation Pause) 249M->167M(1024M) 15.809ms
[2025-05-02T12:26:25.552+0200][gc,cpu        ] GC(19) User=0.06s Sys=0.06s Real=0.02s
[2025-05-02T12:27:28.062+0200][gc,start      ] GC(20) Pause Young (Normal) (G1 Evacuation Pause)
[2025-05-02T12:27:28.062+0200][gc,task       ] GC(20) Using 10 workers of 10 for evacuation
[2025-05-02T12:27:28.069+0200][gc,phases     ] GC(20)   Pre Evacuate Collection Set: 0.0ms
[2025-05-02T12:27:28.069+0200][gc,phases     ] GC(20)   Evacuate Collection Set: 6.2ms
[2025-05-02T12:27:28.069+0200][gc,phases     ] GC(20)   Post Evacuate Collection Set: 0.6ms
[2025-05-02T12:27:28.069+0200][gc,phases     ] GC(20)   Other: 0.4ms
[2025-05-02T12:27:28.069+0200][gc,heap       ] GC(20) Eden regions: 86->0(90)
[2025-05-02T12:27:28.069+0200][gc,heap       ] GC(20) Survivor regions: 7->8(12)
[2025-05-02T12:27:28.069+0200][gc,heap       ] GC(20) Old regions: 34->35
[2025-05-02T12:27:28.069+0200][gc,heap       ] GC(20) Humongous regions: 129->129
[2025-05-02T12:27:28.069+0200][gc,metaspace  ] GC(20) Metaspace: 45799K(48768K)->45799K(48768K) NonClass: 39985K(41472K)->39985K(41472K) Class: 5814K(7296K)->5814K(7296K)
[2025-05-02T12:27:28.069+0200][gc            ] GC(20) Pause Young (Normal) (G1 Evacuation Pause) 253M->169M(1024M) 7.280ms
[2025-05-02T12:27:28.069+0200][gc,cpu        ] GC(20) User=0.00s Sys=0.07s Real=0.01s
[2025-05-02T12:28:32.177+0200][gc,start      ] GC(21) Pause Young (Normal) (G1 Evacuation Pause)
[2025-05-02T12:28:32.177+0200][gc,task       ] GC(21) Using 10 workers of 10 for evacuation
[2025-05-02T12:28:32.191+0200][gc,phases     ] GC(21)   Pre Evacuate Collection Set: 0.1ms
[2025-05-02T12:28:32.191+0200][gc,phases     ] GC(21)   Evacuate Collection Set: 12.9ms
[2025-05-02T12:28:32.191+0200][gc,phases     ] GC(21)   Post Evacuate Collection Set: 0.9ms
[2025-05-02T12:28:32.191+0200][gc,phases     ] GC(21)   Other: 0.4ms
[2025-05-02T12:28:32.191+0200][gc,heap       ] GC(21) Eden regions: 90->0(233)
[2025-05-02T12:28:32.191+0200][gc,heap       ] GC(21) Survivor regions: 8->8(13)
[2025-05-02T12:28:32.191+0200][gc,heap       ] GC(21) Old regions: 35->36
[2025-05-02T12:28:32.191+0200][gc,heap       ] GC(21) Humongous regions: 129->129
[2025-05-02T12:28:32.191+0200][gc,metaspace  ] GC(21) Metaspace: 45816K(48768K)->45816K(48768K) NonClass: 40002K(41472K)->40002K(41472K) Class: 5814K(7296K)->5814K(7296K)
[2025-05-02T12:28:32.191+0200][gc            ] GC(21) Pause Young (Normal) (G1 Evacuation Pause) 259M->171M(1024M) 14.592ms
[2025-05-02T12:28:32.191+0200][gc,cpu        ] GC(21) User=0.01s Sys=0.09s Real=0.02s
[2025-05-02T15:53:47.986+0200][gc,start      ] GC(22) Pause Young (Normal) (G1 Evacuation Pause)
[2025-05-02T15:53:47.997+0200][gc,task       ] GC(22) Using 10 workers of 10 for evacuation
[2025-05-02T15:53:48.130+0200][gc,mmu        ] GC(22) MMU target violated: 21.0ms (20.0ms/21.0ms)
[2025-05-02T15:53:48.130+0200][gc,phases     ] GC(22)   Pre Evacuate Collection Set: 21.8ms
[2025-05-02T15:53:48.130+0200][gc,phases     ] GC(22)   Evacuate Collection Set: 102.7ms
[2025-05-02T15:53:48.130+0200][gc,phases     ] GC(22)   Post Evacuate Collection Set: 6.3ms
[2025-05-02T15:53:48.130+0200][gc,phases     ] GC(22)   Other: 13.8ms
[2025-05-02T15:53:48.130+0200][gc,heap       ] GC(22) Eden regions: 233->0(39)
[2025-05-02T15:53:48.130+0200][gc,heap       ] GC(22) Survivor regions: 8->12(31)
[2025-05-02T15:53:48.130+0200][gc,heap       ] GC(22) Old regions: 36->36
[2025-05-02T15:53:48.130+0200][gc,heap       ] GC(22) Humongous regions: 129->129
[2025-05-02T15:53:48.130+0200][gc,metaspace  ] GC(22) Metaspace: 45985K(49024K)->45985K(49024K) NonClass: 40165K(41728K)->40165K(41728K) Class: 5819K(7296K)->5819K(7296K)
[2025-05-02T15:53:48.130+0200][gc            ] GC(22) Pause Young (Normal) (G1 Evacuation Pause) 404M->174M(1024M) 144.587ms
[2025-05-02T15:53:48.130+0200][gc,cpu        ] GC(22) User=1.07s Sys=0.00s Real=0.15s
[2025-05-02T15:54:17.619+0200][gc,start      ] GC(23) Pause Young (Normal) (G1 Evacuation Pause)
[2025-05-02T15:54:17.619+0200][gc,task       ] GC(23) Using 10 workers of 10 for evacuation
[2025-05-02T15:54:17.654+0200][gc,mmu        ] GC(23) MMU target violated: 21.0ms (20.0ms/21.0ms)
[2025-05-02T15:54:17.654+0200][gc,phases     ] GC(23)   Pre Evacuate Collection Set: 2.6ms
[2025-05-02T15:54:17.654+0200][gc,phases     ] GC(23)   Evacuate Collection Set: 30.1ms
[2025-05-02T15:54:17.654+0200][gc,phases     ] GC(23)   Post Evacuate Collection Set: 2.0ms
[2025-05-02T15:54:17.655+0200][gc,phases     ] GC(23)   Other: 0.9ms
[2025-05-02T15:54:17.655+0200][gc,heap       ] GC(23) Eden regions: 39->0(49)
[2025-05-02T15:54:17.655+0200][gc,heap       ] GC(23) Survivor regions: 12->2(7)
[2025-05-02T15:54:17.655+0200][gc,heap       ] GC(23) Old regions: 36->46
[2025-05-02T15:54:17.655+0200][gc,heap       ] GC(23) Humongous regions: 129->129
[2025-05-02T15:54:17.655+0200][gc,metaspace  ] GC(23) Metaspace: 45985K(49024K)->45985K(49024K) NonClass: 40165K(41728K)->40165K(41728K) Class: 5819K(7296K)->5819K(7296K)
[2025-05-02T15:54:17.655+0200][gc            ] GC(23) Pause Young (Normal) (G1 Evacuation Pause) 213M->175M(1024M) 35.500ms
[2025-05-02T15:54:17.655+0200][gc,cpu        ] GC(23) User=0.15s Sys=0.11s Real=0.04s
[2025-05-02T15:54:53.044+0200][gc,start      ] GC(24) Pause Young (Normal) (G1 Evacuation Pause)
[2025-05-02T15:54:53.044+0200][gc,task       ] GC(24) Using 10 workers of 10 for evacuation
[2025-05-02T15:54:53.050+0200][gc,phases     ] GC(24)   Pre Evacuate Collection Set: 1.4ms
[2025-05-02T15:54:53.050+0200][gc,phases     ] GC(24)   Evacuate Collection Set: 3.5ms
[2025-05-02T15:54:53.050+0200][gc,phases     ] GC(24)   Post Evacuate Collection Set: 1.1ms
[2025-05-02T15:54:53.050+0200][gc,phases     ] GC(24)   Other: 0.4ms
[2025-05-02T15:54:53.050+0200][gc,heap       ] GC(24) Eden regions: 49->0(48)
[2025-05-02T15:54:53.050+0200][gc,heap       ] GC(24) Survivor regions: 2->3(7)
[2025-05-02T15:54:53.050+0200][gc,heap       ] GC(24) Old regions: 46->46
[2025-05-02T15:54:53.050+0200][gc,heap       ] GC(24) Humongous regions: 129->129
[2025-05-02T15:54:53.050+0200][gc,metaspace  ] GC(24) Metaspace: 45985K(49024K)->45985K(49024K) NonClass: 40165K(41728K)->40165K(41728K) Class: 5819K(7296K)->5819K(7296K)
[2025-05-02T15:54:53.050+0200][gc            ] GC(24) Pause Young (Normal) (G1 Evacuation Pause) 224M->175M(1024M) 6.518ms
[2025-05-02T15:54:53.050+0200][gc,cpu        ] GC(24) User=0.02s Sys=0.01s Real=0.00s
[2025-05-02T15:55:27.247+0200][gc,start      ] GC(25) Pause Young (Normal) (G1 Evacuation Pause)
[2025-05-02T15:55:27.247+0200][gc,task       ] GC(25) Using 10 workers of 10 for evacuation
[2025-05-02T15:55:27.251+0200][gc,phases     ] GC(25)   Pre Evacuate Collection Set: 0.4ms
[2025-05-02T15:55:27.251+0200][gc,phases     ] GC(25)   Evacuate Collection Set: 2.5ms
[2025-05-02T15:55:27.251+0200][gc,phases     ] GC(25)   Post Evacuate Collection Set: 0.9ms
[2025-05-02T15:55:27.251+0200][gc,phases     ] GC(25)   Other: 0.3ms
[2025-05-02T15:55:27.251+0200][gc,heap       ] GC(25) Eden regions: 48->0(47)
[2025-05-02T15:55:27.251+0200][gc,heap       ] GC(25) Survivor regions: 3->4(7)
[2025-05-02T15:55:27.251+0200][gc,heap       ] GC(25) Old regions: 46->46
[2025-05-02T15:55:27.251+0200][gc,heap       ] GC(25) Humongous regions: 129->129
[2025-05-02T15:55:27.251+0200][gc,metaspace  ] GC(25) Metaspace: 45985K(49024K)->45985K(49024K) NonClass: 40165K(41728K)->40165K(41728K) Class: 5819K(7296K)->5819K(7296K)
[2025-05-02T15:55:27.251+0200][gc            ] GC(25) Pause Young (Normal) (G1 Evacuation Pause) 223M->176M(1024M) 4.265ms
[2025-05-02T15:55:27.251+0200][gc,cpu        ] GC(25) User=0.02s Sys=0.00s Real=0.00s
[2025-05-02T15:56:00.481+0200][gc,start      ] GC(26) Pause Young (Normal) (G1 Evacuation Pause)
[2025-05-02T15:56:00.481+0200][gc,task       ] GC(26) Using 10 workers of 10 for evacuation
[2025-05-02T15:56:00.486+0200][gc,phases     ] GC(26)   Pre Evacuate Collection Set: 0.3ms
[2025-05-02T15:56:00.487+0200][gc,phases     ] GC(26)   Evacuate Collection Set: 4.3ms
[2025-05-02T15:56:00.487+0200][gc,phases     ] GC(26)   Post Evacuate Collection Set: 0.9ms
[2025-05-02T15:56:00.487+0200][gc,phases     ] GC(26)   Other: 0.4ms
[2025-05-02T15:56:00.487+0200][gc,heap       ] GC(26) Eden regions: 47->0(52)
[2025-05-02T15:56:00.487+0200][gc,heap       ] GC(26) Survivor regions: 4->4(7)
[2025-05-02T15:56:00.487+0200][gc,heap       ] GC(26) Old regions: 46->46
[2025-05-02T15:56:00.487+0200][gc,heap       ] GC(26) Humongous regions: 129->129
[2025-05-02T15:56:00.487+0200][gc,metaspace  ] GC(26) Metaspace: 45985K(49024K)->45985K(49024K) NonClass: 40165K(41728K)->40165K(41728K) Class: 5819K(7296K)->5819K(7296K)
[2025-05-02T15:56:00.487+0200][gc            ] GC(26) Pause Young (Normal) (G1 Evacuation Pause) 223M->177M(1024M) 5.993ms
[2025-05-02T15:56:00.487+0200][gc,cpu        ] GC(26) User=0.04s Sys=0.00s Real=0.01s
[2025-05-02T15:56:36.625+0200][gc,start      ] GC(27) Pause Young (Normal) (G1 Evacuation Pause)
[2025-05-02T15:56:36.626+0200][gc,task       ] GC(27) Using 10 workers of 10 for evacuation
[2025-05-02T15:56:36.638+0200][gc,phases     ] GC(27)   Pre Evacuate Collection Set: 0.3ms
[2025-05-02T15:56:36.638+0200][gc,phases     ] GC(27)   Evacuate Collection Set: 10.9ms
[2025-05-02T15:56:36.638+0200][gc,phases     ] GC(27)   Post Evacuate Collection Set: 0.8ms
[2025-05-02T15:56:36.638+0200][gc,phases     ] GC(27)   Other: 0.4ms
[2025-05-02T15:56:36.638+0200][gc,heap       ] GC(27) Eden regions: 52->0(56)
[2025-05-02T15:56:36.638+0200][gc,heap       ] GC(27) Survivor regions: 4->5(7)
[2025-05-02T15:56:36.638+0200][gc,heap       ] GC(27) Old regions: 46->47
[2025-05-02T15:56:36.638+0200][gc,heap       ] GC(27) Humongous regions: 129->129
[2025-05-02T15:56:36.638+0200][gc,metaspace  ] GC(27) Metaspace: 45985K(49024K)->45985K(49024K) NonClass: 40166K(41728K)->40166K(41728K) Class: 5819K(7296K)->5819K(7296K)
[2025-05-02T15:56:36.638+0200][gc            ] GC(27) Pause Young (Normal) (G1 Evacuation Pause) 229M->178M(1024M) 12.611ms
[2025-05-02T15:56:36.638+0200][gc,cpu        ] GC(27) User=0.09s Sys=0.00s Real=0.02s
[2025-05-02T15:57:15.207+0200][gc,start      ] GC(28) Pause Young (Normal) (G1 Evacuation Pause)
[2025-05-02T15:57:15.207+0200][gc,task       ] GC(28) Using 10 workers of 10 for evacuation
[2025-05-02T15:57:15.220+0200][gc,phases     ] GC(28)   Pre Evacuate Collection Set: 0.3ms
[2025-05-02T15:57:15.220+0200][gc,phases     ] GC(28)   Evacuate Collection Set: 11.4ms
[2025-05-02T15:57:15.220+0200][gc,phases     ] GC(28)   Post Evacuate Collection Set: 0.9ms
[2025-05-02T15:57:15.220+0200][gc,phases     ] GC(28)   Other: 0.3ms
[2025-05-02T15:57:15.220+0200][gc,heap       ] GC(28) Eden regions: 56->0(57)
[2025-05-02T15:57:15.220+0200][gc,heap       ] GC(28) Survivor regions: 5->5(8)
[2025-05-02T15:57:15.220+0200][gc,heap       ] GC(28) Old regions: 47->47
[2025-05-02T15:57:15.220+0200][gc,heap       ] GC(28) Humongous regions: 129->129
[2025-05-02T15:57:15.220+0200][gc,metaspace  ] GC(28) Metaspace: 45989K(49024K)->45989K(49024K) NonClass: 40169K(41728K)->40169K(41728K) Class: 5819K(7296K)->5819K(7296K)
[2025-05-02T15:57:15.220+0200][gc            ] GC(28) Pause Young (Normal) (G1 Evacuation Pause) 234M->179M(1024M) 13.103ms
[2025-05-02T15:57:15.220+0200][gc,cpu        ] GC(28) User=0.09s Sys=0.00s Real=0.01s
[2025-05-02T15:57:54.411+0200][gc,start      ] GC(29) Pause Young (Normal) (G1 Evacuation Pause)
[2025-05-02T15:57:54.411+0200][gc,task       ] GC(29) Using 10 workers of 10 for evacuation
[2025-05-02T15:57:54.423+0200][gc,phases     ] GC(29)   Pre Evacuate Collection Set: 0.2ms
[2025-05-02T15:57:54.423+0200][gc,phases     ] GC(29)   Evacuate Collection Set: 9.7ms
[2025-05-02T15:57:54.423+0200][gc,phases     ] GC(29)   Post Evacuate Collection Set: 1.6ms
[2025-05-02T15:57:54.423+0200][gc,phases     ] GC(29)   Other: 0.6ms
[2025-05-02T15:57:54.423+0200][gc,heap       ] GC(29) Eden regions: 57->0(60)
[2025-05-02T15:57:54.423+0200][gc,heap       ] GC(29) Survivor regions: 5->5(8)
[2025-05-02T15:57:54.423+0200][gc,heap       ] GC(29) Old regions: 47->48
[2025-05-02T15:57:54.423+0200][gc,heap       ] GC(29) Humongous regions: 129->129
[2025-05-02T15:57:54.423+0200][gc,metaspace  ] GC(29) Metaspace: 45989K(49024K)->45989K(49024K) NonClass: 40169K(41728K)->40169K(41728K) Class: 5819K(7296K)->5819K(7296K)
[2025-05-02T15:57:54.423+0200][gc            ] GC(29) Pause Young (Normal) (G1 Evacuation Pause) 236M->180M(1024M) 12.086ms
[2025-05-02T15:57:54.423+0200][gc,cpu        ] GC(29) User=0.09s Sys=0.00s Real=0.01s
[2025-05-02T15:58:35.465+0200][gc,start      ] GC(30) Pause Young (Normal) (G1 Evacuation Pause)
[2025-05-02T15:58:35.465+0200][gc,task       ] GC(30) Using 10 workers of 10 for evacuation
[2025-05-02T15:58:35.472+0200][gc,phases     ] GC(30)   Pre Evacuate Collection Set: 0.1ms
[2025-05-02T15:58:35.472+0200][gc,phases     ] GC(30)   Evacuate Collection Set: 5.1ms
[2025-05-02T15:58:35.472+0200][gc,phases     ] GC(30)   Post Evacuate Collection Set: 1.3ms
[2025-05-02T15:58:35.472+0200][gc,phases     ] GC(30)   Other: 0.3ms
[2025-05-02T15:58:35.472+0200][gc,heap       ] GC(30) Eden regions: 60->0(65)
[2025-05-02T15:58:35.472+0200][gc,heap       ] GC(30) Survivor regions: 5->6(9)
[2025-05-02T15:58:35.472+0200][gc,heap       ] GC(30) Old regions: 48->48
[2025-05-02T15:58:35.472+0200][gc,heap       ] GC(30) Humongous regions: 129->129
[2025-05-02T15:58:35.472+0200][gc,metaspace  ] GC(30) Metaspace: 45989K(49024K)->45989K(49024K) NonClass: 40169K(41728K)->40169K(41728K) Class: 5819K(7296K)->5819K(7296K)
[2025-05-02T15:58:35.472+0200][gc            ] GC(30) Pause Young (Normal) (G1 Evacuation Pause) 240M->181M(1024M) 7.085ms
[2025-05-02T15:58:35.472+0200][gc,cpu        ] GC(30) User=0.04s Sys=0.01s Real=0.01s
[2025-05-02T15:59:20.536+0200][gc,start      ] GC(31) Pause Young (Normal) (G1 Evacuation Pause)
[2025-05-02T15:59:20.537+0200][gc,task       ] GC(31) Using 10 workers of 10 for evacuation
[2025-05-02T15:59:20.545+0200][gc,phases     ] GC(31)   Pre Evacuate Collection Set: 0.1ms
[2025-05-02T15:59:20.545+0200][gc,phases     ] GC(31)   Evacuate Collection Set: 7.6ms
[2025-05-02T15:59:20.545+0200][gc,phases     ] GC(31)   Post Evacuate Collection Set: 0.9ms
[2025-05-02T15:59:20.545+0200][gc,phases     ] GC(31)   Other: 0.4ms
[2025-05-02T15:59:20.545+0200][gc,heap       ] GC(31) Eden regions: 65->0(70)
[2025-05-02T15:59:20.546+0200][gc,heap       ] GC(31) Survivor regions: 6->6(9)
[2025-05-02T15:59:20.546+0200][gc,heap       ] GC(31) Old regions: 48->49
[2025-05-02T15:59:20.546+0200][gc,heap       ] GC(31) Humongous regions: 129->129
[2025-05-02T15:59:20.546+0200][gc,metaspace  ] GC(31) Metaspace: 45990K(49024K)->45990K(49024K) NonClass: 40171K(41728K)->40171K(41728K) Class: 5819K(7296K)->5819K(7296K)
[2025-05-02T15:59:20.546+0200][gc            ] GC(31) Pause Young (Normal) (G1 Evacuation Pause) 246M->182M(1024M) 9.108ms
[2025-05-02T15:59:20.546+0200][gc,cpu        ] GC(31) User=0.08s Sys=0.00s Real=0.01s
[2025-05-02T16:00:11.149+0200][gc,start      ] GC(32) Pause Young (Normal) (G1 Evacuation Pause)
[2025-05-02T16:00:11.149+0200][gc,task       ] GC(32) Using 10 workers of 10 for evacuation
[2025-05-02T16:00:11.159+0200][gc,phases     ] GC(32)   Pre Evacuate Collection Set: 0.1ms
[2025-05-02T16:00:11.159+0200][gc,phases     ] GC(32)   Evacuate Collection Set: 9.1ms
[2025-05-02T16:00:11.159+0200][gc,phases     ] GC(32)   Post Evacuate Collection Set: 0.8ms
[2025-05-02T16:00:11.159+0200][gc,phases     ] GC(32)   Other: 0.3ms
[2025-05-02T16:00:11.159+0200][gc,heap       ] GC(32) Eden regions: 70->0(76)
[2025-05-02T16:00:11.159+0200][gc,heap       ] GC(32) Survivor regions: 6->7(10)
[2025-05-02T16:00:11.159+0200][gc,heap       ] GC(32) Old regions: 49->49
[2025-05-02T16:00:11.159+0200][gc,heap       ] GC(32) Humongous regions: 129->129
[2025-05-02T16:00:11.159+0200][gc,metaspace  ] GC(32) Metaspace: 45991K(49024K)->45991K(49024K) NonClass: 40171K(41728K)->40171K(41728K) Class: 5819K(7296K)->5819K(7296K)
[2025-05-02T16:00:11.159+0200][gc            ] GC(32) Pause Young (Normal) (G1 Evacuation Pause) 252M->183M(1024M) 10.393ms
[2025-05-02T16:00:11.159+0200][gc,cpu        ] GC(32) User=0.09s Sys=0.00s Real=0.01s
[2025-05-02T16:01:02.559+0200][gc,start      ] GC(33) Pause Young (Normal) (G1 Evacuation Pause)
[2025-05-02T16:01:02.559+0200][gc,task       ] GC(33) Using 10 workers of 10 for evacuation
[2025-05-02T16:01:02.571+0200][gc,phases     ] GC(33)   Pre Evacuate Collection Set: 0.2ms
[2025-05-02T16:01:02.571+0200][gc,phases     ] GC(33)   Evacuate Collection Set: 10.8ms
[2025-05-02T16:01:02.571+0200][gc,phases     ] GC(33)   Post Evacuate Collection Set: 0.9ms
[2025-05-02T16:01:02.571+0200][gc,phases     ] GC(33)   Other: 0.4ms
[2025-05-02T16:01:02.571+0200][gc,heap       ] GC(33) Eden regions: 76->0(81)
[2025-05-02T16:01:02.571+0200][gc,heap       ] GC(33) Survivor regions: 7->7(11)
[2025-05-02T16:01:02.571+0200][gc,heap       ] GC(33) Old regions: 49->50
[2025-05-02T16:01:02.571+0200][gc,heap       ] GC(33) Humongous regions: 129->129
[2025-05-02T16:01:02.571+0200][gc,metaspace  ] GC(33) Metaspace: 45991K(49024K)->45991K(49024K) NonClass: 40171K(41728K)->40171K(41728K) Class: 5819K(7296K)->5819K(7296K)
[2025-05-02T16:01:02.571+0200][gc            ] GC(33) Pause Young (Normal) (G1 Evacuation Pause) 259M->184M(1024M) 12.397ms
[2025-05-02T16:01:02.571+0200][gc,cpu        ] GC(33) User=0.10s Sys=0.00s Real=0.01s
[2025-05-02T16:02:00.240+0200][gc,start      ] GC(34) Pause Young (Normal) (G1 Evacuation Pause)
[2025-05-02T16:02:00.240+0200][gc,task       ] GC(34) Using 10 workers of 10 for evacuation
[2025-05-02T16:02:00.259+0200][gc,phases     ] GC(34)   Pre Evacuate Collection Set: 0.1ms
[2025-05-02T16:02:00.260+0200][gc,phases     ] GC(34)   Evacuate Collection Set: 18.0ms
[2025-05-02T16:02:00.260+0200][gc,phases     ] GC(34)   Post Evacuate Collection Set: 1.3ms
[2025-05-02T16:02:00.260+0200][gc,phases     ] GC(34)   Other: 0.4ms
[2025-05-02T16:02:00.260+0200][gc,heap       ] GC(34) Eden regions: 81->0(88)
[2025-05-02T16:02:00.260+0200][gc,heap       ] GC(34) Survivor regions: 7->8(11)
[2025-05-02T16:02:00.260+0200][gc,heap       ] GC(34) Old regions: 50->51
[2025-05-02T16:02:00.260+0200][gc,heap       ] GC(34) Humongous regions: 129->129
[2025-05-02T16:02:00.260+0200][gc,metaspace  ] GC(34) Metaspace: 45991K(49024K)->45991K(49024K) NonClass: 40171K(41728K)->40171K(41728K) Class: 5819K(7296K)->5819K(7296K)
[2025-05-02T16:02:00.260+0200][gc            ] GC(34) Pause Young (Normal) (G1 Evacuation Pause) 265M->185M(1024M) 20.032ms
[2025-05-02T16:02:00.260+0200][gc,cpu        ] GC(34) User=0.14s Sys=0.00s Real=0.02s
[2025-05-02T16:03:02.693+0200][gc,start      ] GC(35) Pause Young (Normal) (G1 Evacuation Pause)
[2025-05-02T16:03:02.693+0200][gc,task       ] GC(35) Using 10 workers of 10 for evacuation
[2025-05-02T16:03:02.706+0200][gc,phases     ] GC(35)   Pre Evacuate Collection Set: 0.4ms
[2025-05-02T16:03:02.706+0200][gc,phases     ] GC(35)   Evacuate Collection Set: 10.0ms
[2025-05-02T16:03:02.706+0200][gc,phases     ] GC(35)   Post Evacuate Collection Set: 1.5ms
[2025-05-02T16:03:02.706+0200][gc,phases     ] GC(35)   Other: 0.3ms
[2025-05-02T16:03:02.706+0200][gc,heap       ] GC(35) Eden regions: 88->0(95)
[2025-05-02T16:03:02.706+0200][gc,heap       ] GC(35) Survivor regions: 8->8(12)
[2025-05-02T16:03:02.706+0200][gc,heap       ] GC(35) Old regions: 51->52
[2025-05-02T16:03:02.706+0200][gc,heap       ] GC(35) Humongous regions: 129->129
[2025-05-02T16:03:02.706+0200][gc,metaspace  ] GC(35) Metaspace: 45992K(49024K)->45992K(49024K) NonClass: 40172K(41728K)->40172K(41728K) Class: 5819K(7296K)->5819K(7296K)
[2025-05-02T16:03:02.706+0200][gc            ] GC(35) Pause Young (Normal) (G1 Evacuation Pause) 273M->186M(1024M) 12.516ms
[2025-05-02T16:03:02.706+0200][gc,cpu        ] GC(35) User=0.10s Sys=0.00s Real=0.01s
[2025-05-02T16:04:09.598+0200][gc,start      ] GC(36) Pause Young (Normal) (G1 Evacuation Pause)
[2025-05-02T16:04:09.598+0200][gc,task       ] GC(36) Using 10 workers of 10 for evacuation
[2025-05-02T16:04:09.610+0200][gc,phases     ] GC(36)   Pre Evacuate Collection Set: 0.1ms
[2025-05-02T16:04:09.610+0200][gc,phases     ] GC(36)   Evacuate Collection Set: 10.0ms
[2025-05-02T16:04:09.610+0200][gc,phases     ] GC(36)   Post Evacuate Collection Set: 1.1ms
[2025-05-02T16:04:09.610+0200][gc,phases     ] GC(36)   Other: 0.4ms
[2025-05-02T16:04:09.610+0200][gc,heap       ] GC(36) Eden regions: 95->0(107)
[2025-05-02T16:04:09.610+0200][gc,heap       ] GC(36) Survivor regions: 8->9(13)
[2025-05-02T16:04:09.610+0200][gc,heap       ] GC(36) Old regions: 52->53
[2025-05-02T16:04:09.610+0200][gc,heap       ] GC(36) Humongous regions: 129->129
[2025-05-02T16:04:09.610+0200][gc,metaspace  ] GC(36) Metaspace: 45992K(49024K)->45992K(49024K) NonClass: 40172K(41728K)->40172K(41728K) Class: 5819K(7296K)->5819K(7296K)
[2025-05-02T16:04:09.610+0200][gc            ] GC(36) Pause Young (Normal) (G1 Evacuation Pause) 281M->188M(1024M) 11.693ms
[2025-05-02T16:04:09.610+0200][gc,cpu        ] GC(36) User=0.11s Sys=0.00s Real=0.01s
[2025-05-02T16:05:23.995+0200][gc,start      ] GC(37) Pause Young (Normal) (G1 Evacuation Pause)
[2025-05-02T16:05:23.995+0200][gc,task       ] GC(37) Using 10 workers of 10 for evacuation
[2025-05-02T16:05:24.016+0200][gc,mmu        ] GC(37) MMU target violated: 20.3ms (20.0ms/21.0ms)
[2025-05-02T16:05:24.016+0200][gc,phases     ] GC(37)   Pre Evacuate Collection Set: 0.1ms
[2025-05-02T16:05:24.016+0200][gc,phases     ] GC(37)   Evacuate Collection Set: 18.8ms
[2025-05-02T16:05:24.016+0200][gc,phases     ] GC(37)   Post Evacuate Collection Set: 1.3ms
[2025-05-02T16:05:24.016+0200][gc,phases     ] GC(37)   Other: 0.5ms
[2025-05-02T16:05:24.016+0200][gc,heap       ] GC(37) Eden regions: 107->0(101)
[2025-05-02T16:05:24.016+0200][gc,heap       ] GC(37) Survivor regions: 9->10(15)
[2025-05-02T16:05:24.016+0200][gc,heap       ] GC(37) Old regions: 53->53
[2025-05-02T16:05:24.016+0200][gc,heap       ] GC(37) Humongous regions: 129->129
[2025-05-02T16:05:24.016+0200][gc,metaspace  ] GC(37) Metaspace: 45994K(49024K)->45994K(49024K) NonClass: 40174K(41728K)->40174K(41728K) Class: 5819K(7296K)->5819K(7296K)
[2025-05-02T16:05:24.016+0200][gc            ] GC(37) Pause Young (Normal) (G1 Evacuation Pause) 295M->189M(1024M) 20.761ms
[2025-05-02T16:05:24.016+0200][gc,cpu        ] GC(37) User=0.16s Sys=0.00s Real=0.02s
[2025-05-02T16:06:34.526+0200][gc,start      ] GC(38) Pause Young (Normal) (G1 Evacuation Pause)
[2025-05-02T16:06:34.526+0200][gc,task       ] GC(38) Using 10 workers of 10 for evacuation
[2025-05-02T16:06:34.542+0200][gc,phases     ] GC(38)   Pre Evacuate Collection Set: 0.3ms
[2025-05-02T16:06:34.542+0200][gc,phases     ] GC(38)   Evacuate Collection Set: 13.8ms
[2025-05-02T16:06:34.542+0200][gc,phases     ] GC(38)   Post Evacuate Collection Set: 1.3ms
[2025-05-02T16:06:34.542+0200][gc,phases     ] GC(38)   Other: 0.4ms
[2025-05-02T16:06:34.542+0200][gc,heap       ] GC(38) Eden regions: 101->0(108)
[2025-05-02T16:06:34.542+0200][gc,heap       ] GC(38) Survivor regions: 10->9(14)
[2025-05-02T16:06:34.542+0200][gc,heap       ] GC(38) Old regions: 53->56
[2025-05-02T16:06:34.542+0200][gc,heap       ] GC(38) Humongous regions: 129->129
[2025-05-02T16:06:34.542+0200][gc,metaspace  ] GC(38) Metaspace: 45994K(49024K)->45994K(49024K) NonClass: 40174K(41728K)->40174K(41728K) Class: 5819K(7296K)->5819K(7296K)
[2025-05-02T16:06:34.542+0200][gc            ] GC(38) Pause Young (Normal) (G1 Evacuation Pause) 290M->191M(1024M) 15.921ms
[2025-05-02T16:06:34.542+0200][gc,cpu        ] GC(38) User=0.13s Sys=0.01s Real=0.02s
[2025-05-02T16:07:49.484+0200][gc,start      ] GC(39) Pause Young (Normal) (G1 Evacuation Pause)
[2025-05-02T16:07:49.484+0200][gc,task       ] GC(39) Using 10 workers of 10 for evacuation
[2025-05-02T16:07:49.492+0200][gc,phases     ] GC(39)   Pre Evacuate Collection Set: 0.3ms
[2025-05-02T16:07:49.492+0200][gc,phases     ] GC(39)   Evacuate Collection Set: 6.2ms
[2025-05-02T16:07:49.492+0200][gc,phases     ] GC(39)   Post Evacuate Collection Set: 1.1ms
[2025-05-02T16:07:49.492+0200][gc,phases     ] GC(39)   Other: 0.3ms
[2025-05-02T16:07:49.492+0200][gc,heap       ] GC(39) Eden regions: 108->0(127)
[2025-05-02T16:07:49.492+0200][gc,heap       ] GC(39) Survivor regions: 9->9(15)
[2025-05-02T16:07:49.492+0200][gc,heap       ] GC(39) Old regions: 56->57
[2025-05-02T16:07:49.492+0200][gc,heap       ] GC(39) Humongous regions: 129->129
[2025-05-02T16:07:49.492+0200][gc,metaspace  ] GC(39) Metaspace: 46017K(49024K)->46017K(49024K) NonClass: 40197K(41728K)->40197K(41728K) Class: 5819K(7296K)->5819K(7296K)
[2025-05-02T16:07:49.492+0200][gc            ] GC(39) Pause Young (Normal) (G1 Evacuation Pause) 299M->192M(1024M) 8.047ms
[2025-05-02T16:07:49.492+0200][gc,cpu        ] GC(39) User=0.07s Sys=0.00s Real=0.01s
[2025-05-02T16:09:17.168+0200][gc,start      ] GC(40) Pause Young (Normal) (G1 Evacuation Pause)
[2025-05-02T16:09:17.168+0200][gc,task       ] GC(40) Using 10 workers of 10 for evacuation
[2025-05-02T16:09:17.192+0200][gc,mmu        ] GC(40) MMU target violated: 21.0ms (20.0ms/21.0ms)
[2025-05-02T16:09:17.192+0200][gc,phases     ] GC(40)   Pre Evacuate Collection Set: 0.2ms
[2025-05-02T16:09:17.192+0200][gc,phases     ] GC(40)   Evacuate Collection Set: 21.9ms
[2025-05-02T16:09:17.192+0200][gc,phases     ] GC(40)   Post Evacuate Collection Set: 1.4ms
[2025-05-02T16:09:17.192+0200][gc,phases     ] GC(40)   Other: 0.5ms
[2025-05-02T16:09:17.192+0200][gc,heap       ] GC(40) Eden regions: 127->0(115)
[2025-05-02T16:09:17.192+0200][gc,heap       ] GC(40) Survivor regions: 9->11(17)
[2025-05-02T16:09:17.192+0200][gc,heap       ] GC(40) Old regions: 57->57
[2025-05-02T16:09:17.192+0200][gc,heap       ] GC(40) Humongous regions: 129->129
[2025-05-02T16:09:17.192+0200][gc,metaspace  ] GC(40) Metaspace: 46017K(49024K)->46017K(49024K) NonClass: 40197K(41728K)->40197K(41728K) Class: 5819K(7296K)->5819K(7296K)
[2025-05-02T16:09:17.192+0200][gc            ] GC(40) Pause Young (Normal) (G1 Evacuation Pause) 319M->194M(1024M) 24.100ms
[2025-05-02T16:09:17.192+0200][gc,cpu        ] GC(40) User=0.18s Sys=0.01s Real=0.03s
[2025-05-02T16:10:39.242+0200][gc,start      ] GC(41) Pause Young (Normal) (G1 Evacuation Pause)
[2025-05-02T16:10:39.243+0200][gc,task       ] GC(41) Using 10 workers of 10 for evacuation
[2025-05-02T16:10:39.252+0200][gc,phases     ] GC(41)   Pre Evacuate Collection Set: 0.1ms
[2025-05-02T16:10:39.252+0200][gc,phases     ] GC(41)   Evacuate Collection Set: 7.9ms
[2025-05-02T16:10:39.252+0200][gc,phases     ] GC(41)   Post Evacuate Collection Set: 1.0ms
[2025-05-02T16:10:39.252+0200][gc,phases     ] GC(41)   Other: 0.2ms
[2025-05-02T16:10:39.252+0200][gc,heap       ] GC(41) Eden regions: 115->0(132)
[2025-05-02T16:10:39.252+0200][gc,heap       ] GC(41) Survivor regions: 11->11(16)
[2025-05-02T16:10:39.252+0200][gc,heap       ] GC(41) Old regions: 57->59
[2025-05-02T16:10:39.252+0200][gc,heap       ] GC(41) Humongous regions: 129->129
[2025-05-02T16:10:39.252+0200][gc,metaspace  ] GC(41) Metaspace: 46019K(49024K)->46019K(49024K) NonClass: 40200K(41728K)->40200K(41728K) Class: 5819K(7296K)->5819K(7296K)
[2025-05-02T16:10:39.252+0200][gc            ] GC(41) Pause Young (Normal) (G1 Evacuation Pause) 309M->196M(1024M) 9.452ms
[2025-05-02T16:10:39.252+0200][gc,cpu        ] GC(41) User=0.08s Sys=0.00s Real=0.01s
[2025-05-02T16:12:09.172+0200][gc,start      ] GC(42) Pause Young (Normal) (G1 Evacuation Pause)
[2025-05-02T16:12:09.173+0200][gc,task       ] GC(42) Using 10 workers of 10 for evacuation
[2025-05-02T16:12:09.192+0200][gc,phases     ] GC(42)   Pre Evacuate Collection Set: 0.2ms
[2025-05-02T16:12:09.192+0200][gc,phases     ] GC(42)   Evacuate Collection Set: 18.1ms
[2025-05-02T16:12:09.192+0200][gc,phases     ] GC(42)   Post Evacuate Collection Set: 1.2ms
[2025-05-02T16:12:09.193+0200][gc,phases     ] GC(42)   Other: 0.4ms
[2025-05-02T16:12:09.193+0200][gc,heap       ] GC(42) Eden regions: 132->0(135)
[2025-05-02T16:12:09.193+0200][gc,heap       ] GC(42) Survivor regions: 11->11(18)
[2025-05-02T16:12:09.193+0200][gc,heap       ] GC(42) Old regions: 59->61
[2025-05-02T16:12:09.193+0200][gc,heap       ] GC(42) Humongous regions: 129->129
[2025-05-02T16:12:09.193+0200][gc,metaspace  ] GC(42) Metaspace: 46021K(49024K)->46021K(49024K) NonClass: 40202K(41728K)->40202K(41728K) Class: 5819K(7296K)->5819K(7296K)
[2025-05-02T16:12:09.193+0200][gc            ] GC(42) Pause Young (Normal) (G1 Evacuation Pause) 328M->198M(1024M) 20.146ms
[2025-05-02T16:12:09.193+0200][gc,cpu        ] GC(42) User=0.16s Sys=0.00s Real=0.02s
[2025-05-02T16:13:44.374+0200][gc,start      ] GC(43) Pause Young (Normal) (G1 Evacuation Pause)
[2025-05-02T16:13:44.374+0200][gc,task       ] GC(43) Using 10 workers of 10 for evacuation
[2025-05-02T16:13:44.400+0200][gc,mmu        ] GC(43) MMU target violated: 21.0ms (20.0ms/21.0ms)
[2025-05-02T16:13:44.400+0200][gc,phases     ] GC(43)   Pre Evacuate Collection Set: 0.1ms
[2025-05-02T16:13:44.400+0200][gc,phases     ] GC(43)   Evacuate Collection Set: 22.6ms
[2025-05-02T16:13:44.400+0200][gc,phases     ] GC(43)   Post Evacuate Collection Set: 3.2ms
[2025-05-02T16:13:44.400+0200][gc,phases     ] GC(43)   Other: 0.4ms
[2025-05-02T16:13:44.400+0200][gc,heap       ] GC(43) Eden regions: 135->0(145)
[2025-05-02T16:13:44.401+0200][gc,heap       ] GC(43) Survivor regions: 11->11(19)
[2025-05-02T16:13:44.401+0200][gc,heap       ] GC(43) Old regions: 61->62
[2025-05-02T16:13:44.401+0200][gc,heap       ] GC(43) Humongous regions: 129->129
[2025-05-02T16:13:44.401+0200][gc,metaspace  ] GC(43) Metaspace: 46022K(49024K)->46022K(49024K) NonClass: 40202K(41728K)->40202K(41728K) Class: 5819K(7296K)->5819K(7296K)
[2025-05-02T16:13:44.401+0200][gc            ] GC(43) Pause Young (Normal) (G1 Evacuation Pause) 333M->200M(1024M) 26.496ms
[2025-05-02T16:13:44.401+0200][gc,cpu        ] GC(43) User=0.20s Sys=0.00s Real=0.03s
[2025-05-02T16:15:26.485+0200][gc,start      ] GC(44) Pause Young (Normal) (G1 Evacuation Pause)
[2025-05-02T16:15:26.485+0200][gc,task       ] GC(44) Using 10 workers of 10 for evacuation
[2025-05-02T16:15:26.518+0200][gc,mmu        ] GC(44) MMU target violated: 21.0ms (20.0ms/21.0ms)
[2025-05-02T16:15:26.518+0200][gc,phases     ] GC(44)   Pre Evacuate Collection Set: 0.3ms
[2025-05-02T16:15:26.518+0200][gc,phases     ] GC(44)   Evacuate Collection Set: 30.6ms
[2025-05-02T16:15:26.518+0200][gc,phases     ] GC(44)   Post Evacuate Collection Set: 1.8ms
[2025-05-02T16:15:26.518+0200][gc,phases     ] GC(44)   Other: 0.6ms
[2025-05-02T16:15:26.518+0200][gc,heap       ] GC(44) Eden regions: 145->0(131)
[2025-05-02T16:15:26.518+0200][gc,heap       ] GC(44) Survivor regions: 11->13(20)
[2025-05-02T16:15:26.518+0200][gc,heap       ] GC(44) Old regions: 62->62
[2025-05-02T16:15:26.518+0200][gc,heap       ] GC(44) Humongous regions: 129->129
[2025-05-02T16:15:26.518+0200][gc,metaspace  ] GC(44) Metaspace: 46024K(49024K)->46024K(49024K) NonClass: 40205K(41728K)->40205K(41728K) Class: 5819K(7296K)->5819K(7296K)
[2025-05-02T16:15:26.518+0200][gc            ] GC(44) Pause Young (Normal) (G1 Evacuation Pause) 345M->202M(1024M) 33.337ms
[2025-05-02T16:15:26.518+0200][gc,cpu        ] GC(44) User=0.29s Sys=0.00s Real=0.03s
[2025-05-02T16:16:55.452+0200][gc,start      ] GC(45) Pause Young (Normal) (G1 Evacuation Pause)
[2025-05-02T16:16:55.452+0200][gc,task       ] GC(45) Using 10 workers of 10 for evacuation
[2025-05-02T16:16:55.470+0200][gc,phases     ] GC(45)   Pre Evacuate Collection Set: 0.1ms
[2025-05-02T16:16:55.470+0200][gc,phases     ] GC(45)   Evacuate Collection Set: 16.7ms
[2025-05-02T16:16:55.470+0200][gc,phases     ] GC(45)   Post Evacuate Collection Set: 1.2ms
[2025-05-02T16:16:55.470+0200][gc,phases     ] GC(45)   Other: 0.3ms
[2025-05-02T16:16:55.470+0200][gc,heap       ] GC(45) Eden regions: 130->0(137)
[2025-05-02T16:16:55.470+0200][gc,heap       ] GC(45) Survivor regions: 13->10(18)
[2025-05-02T16:16:55.470+0200][gc,heap       ] GC(45) Old regions: 62->67
[2025-05-02T16:16:55.470+0200][gc,heap       ] GC(45) Humongous regions: 129->129
[2025-05-02T16:16:55.470+0200][gc,metaspace  ] GC(45) Metaspace: 46024K(49024K)->46024K(49024K) NonClass: 40205K(41728K)->40205K(41728K) Class: 5819K(7296K)->5819K(7296K)
[2025-05-02T16:16:55.470+0200][gc            ] GC(45) Pause Young (Normal) (G1 Evacuation Pause) 332M->204M(1024M) 18.498ms
[2025-05-02T16:16:55.470+0200][gc,cpu        ] GC(45) User=0.11s Sys=0.04s Real=0.02s
[2025-05-02T16:18:31.235+0200][gc,start      ] GC(46) Pause Young (Normal) (G1 Evacuation Pause)
[2025-05-02T16:18:31.235+0200][gc,task       ] GC(46) Using 10 workers of 10 for evacuation
[2025-05-02T16:18:31.246+0200][gc,phases     ] GC(46)   Pre Evacuate Collection Set: 0.2ms
[2025-05-02T16:18:31.246+0200][gc,phases     ] GC(46)   Evacuate Collection Set: 9.2ms
[2025-05-02T16:18:31.246+0200][gc,phases     ] GC(46)   Post Evacuate Collection Set: 1.0ms
[2025-05-02T16:18:31.246+0200][gc,phases     ] GC(46)   Other: 0.4ms
[2025-05-02T16:18:31.246+0200][gc,heap       ] GC(46) Eden regions: 137->0(144)
[2025-05-02T16:18:31.246+0200][gc,heap       ] GC(46) Survivor regions: 10->12(19)
[2025-05-02T16:18:31.246+0200][gc,heap       ] GC(46) Old regions: 67->67
[2025-05-02T16:18:31.246+0200][gc,heap       ] GC(46) Humongous regions: 129->129
[2025-05-02T16:18:31.246+0200][gc,metaspace  ] GC(46) Metaspace: 46026K(49024K)->46026K(49024K) NonClass: 40206K(41728K)->40206K(41728K) Class: 5819K(7296K)->5819K(7296K)
[2025-05-02T16:18:31.246+0200][gc            ] GC(46) Pause Young (Normal) (G1 Evacuation Pause) 341M->206M(1024M) 10.968ms
[2025-05-02T16:18:31.246+0200][gc,cpu        ] GC(46) User=0.08s Sys=0.00s Real=0.01s
[2025-05-02T16:20:11.794+0200][gc,start      ] GC(47) Pause Young (Normal) (G1 Evacuation Pause)
[2025-05-02T16:20:11.794+0200][gc,task       ] GC(47) Using 10 workers of 10 for evacuation
[2025-05-02T16:20:11.806+0200][gc,phases     ] GC(47)   Pre Evacuate Collection Set: 0.1ms
[2025-05-02T16:20:11.806+0200][gc,phases     ] GC(47)   Evacuate Collection Set: 11.2ms
[2025-05-02T16:20:11.806+0200][gc,phases     ] GC(47)   Post Evacuate Collection Set: 1.0ms
[2025-05-02T16:20:11.806+0200][gc,phases     ] GC(47)   Other: 0.3ms
[2025-05-02T16:20:11.806+0200][gc,heap       ] GC(47) Eden regions: 144->0(156)
[2025-05-02T16:20:11.806+0200][gc,heap       ] GC(47) Survivor regions: 12->13(20)
[2025-05-02T16:20:11.806+0200][gc,heap       ] GC(47) Old regions: 67->69
[2025-05-02T16:20:11.806+0200][gc,heap       ] GC(47) Humongous regions: 129->129
[2025-05-02T16:20:11.806+0200][gc,metaspace  ] GC(47) Metaspace: 46026K(49024K)->46026K(49024K) NonClass: 40206K(41728K)->40206K(41728K) Class: 5819K(7296K)->5819K(7296K)
[2025-05-02T16:20:11.806+0200][gc            ] GC(47) Pause Young (Normal) (G1 Evacuation Pause) 350M->208M(1024M) 12.718ms
[2025-05-02T16:20:11.806+0200][gc,cpu        ] GC(47) User=0.08s Sys=0.00s Real=0.01s
[2025-05-02T16:22:00.076+0200][gc,start      ] GC(48) Pause Young (Normal) (G1 Evacuation Pause)
[2025-05-02T16:22:00.077+0200][gc,task       ] GC(48) Using 10 workers of 10 for evacuation
[2025-05-02T16:22:00.115+0200][gc,mmu        ] GC(48) MMU target violated: 21.0ms (20.0ms/21.0ms)
[2025-05-02T16:22:00.116+0200][gc,phases     ] GC(48)   Pre Evacuate Collection Set: 0.1ms
[2025-05-02T16:22:00.116+0200][gc,phases     ] GC(48)   Evacuate Collection Set: 37.0ms
[2025-05-02T16:22:00.116+0200][gc,phases     ] GC(48)   Post Evacuate Collection Set: 1.4ms
[2025-05-02T16:22:00.116+0200][gc,phases     ] GC(48)   Other: 0.6ms
[2025-05-02T16:22:00.116+0200][gc,heap       ] GC(48) Eden regions: 156->0(134)
[2025-05-02T16:22:00.116+0200][gc,heap       ] GC(48) Survivor regions: 13->13(22)
[2025-05-02T16:22:00.116+0200][gc,heap       ] GC(48) Old regions: 69->71
[2025-05-02T16:22:00.116+0200][gc,heap       ] GC(48) Humongous regions: 129->129
[2025-05-02T16:22:00.116+0200][gc,metaspace  ] GC(48) Metaspace: 46026K(49024K)->46026K(49024K) NonClass: 40206K(41728K)->40206K(41728K) Class: 5819K(7296K)->5819K(7296K)
[2025-05-02T16:22:00.116+0200][gc            ] GC(48) Pause Young (Normal) (G1 Evacuation Pause) 364M->210M(1024M) 39.200ms
[2025-05-02T16:22:00.116+0200][gc,cpu        ] GC(48) User=0.29s Sys=0.03s Real=0.03s
[2025-05-02T16:23:35.446+0200][gc,start      ] GC(49) Pause Young (Normal) (G1 Evacuation Pause)
[2025-05-02T16:23:35.446+0200][gc,task       ] GC(49) Using 10 workers of 10 for evacuation
[2025-05-02T16:23:35.461+0200][gc,phases     ] GC(49)   Pre Evacuate Collection Set: 0.2ms
[2025-05-02T16:23:35.461+0200][gc,phases     ] GC(49)   Evacuate Collection Set: 13.0ms
[2025-05-02T16:23:35.461+0200][gc,phases     ] GC(49)   Post Evacuate Collection Set: 0.9ms
[2025-05-02T16:23:35.461+0200][gc,phases     ] GC(49)   Other: 0.3ms
[2025-05-02T16:23:35.461+0200][gc,heap       ] GC(49) Eden regions: 134->0(147)
[2025-05-02T16:23:35.461+0200][gc,heap       ] GC(49) Survivor regions: 13->11(19)
[2025-05-02T16:23:35.461+0200][gc,heap       ] GC(49) Old regions: 71->75
[2025-05-02T16:23:35.461+0200][gc,heap       ] GC(49) Humongous regions: 129->129
[2025-05-02T16:23:35.461+0200][gc,metaspace  ] GC(49) Metaspace: 46026K(49024K)->46026K(49024K) NonClass: 40206K(41728K)->40206K(41728K) Class: 5819K(7296K)->5819K(7296K)
[2025-05-02T16:23:35.461+0200][gc            ] GC(49) Pause Young (Normal) (G1 Evacuation Pause) 344M->212M(1024M) 14.494ms
[2025-05-02T16:23:35.461+0200][gc,cpu        ] GC(49) User=0.13s Sys=0.00s Real=0.02s
[2025-05-02T16:28:35.612+0200][gc,start      ] GC(50) Pause Young (Normal) (G1 Evacuation Pause)
[2025-05-02T16:28:35.612+0200][gc,task       ] GC(50) Using 10 workers of 10 for evacuation
[2025-05-02T16:28:35.633+0200][gc,mmu        ] GC(50) MMU target violated: 20.2ms (20.0ms/21.0ms)
[2025-05-02T16:28:35.633+0200][gc,phases     ] GC(50)   Pre Evacuate Collection Set: 1.5ms
[2025-05-02T16:28:35.633+0200][gc,phases     ] GC(50)   Evacuate Collection Set: 17.1ms
[2025-05-02T16:28:35.633+0200][gc,phases     ] GC(50)   Post Evacuate Collection Set: 1.2ms
[2025-05-02T16:28:35.633+0200][gc,phases     ] GC(50)   Other: 0.8ms
[2025-05-02T16:28:35.633+0200][gc,heap       ] GC(50) Eden regions: 147->0(145)
[2025-05-02T16:28:35.633+0200][gc,heap       ] GC(50) Survivor regions: 11->16(20)
[2025-05-02T16:28:35.633+0200][gc,heap       ] GC(50) Old regions: 75->75
[2025-05-02T16:28:35.633+0200][gc,heap       ] GC(50) Humongous regions: 129->129
[2025-05-02T16:28:35.633+0200][gc,metaspace  ] GC(50) Metaspace: 46027K(49024K)->46027K(49024K) NonClass: 40207K(41728K)->40207K(41728K) Class: 5819K(7296K)->5819K(7296K)
[2025-05-02T16:28:35.633+0200][gc            ] GC(50) Pause Young (Normal) (G1 Evacuation Pause) 359M->217M(1024M) 20.718ms
[2025-05-02T16:28:35.633+0200][gc,cpu        ] GC(50) User=0.18s Sys=0.00s Real=0.02s
[2025-05-02T16:30:19.176+0200][gc,start      ] GC(51) Pause Young (Normal) (G1 Evacuation Pause)
[2025-05-02T16:30:19.176+0200][gc,task       ] GC(51) Using 10 workers of 10 for evacuation
[2025-05-02T16:30:19.195+0200][gc,phases     ] GC(51)   Pre Evacuate Collection Set: 1.1ms
[2025-05-02T16:30:19.195+0200][gc,phases     ] GC(51)   Evacuate Collection Set: 15.9ms
[2025-05-02T16:30:19.195+0200][gc,phases     ] GC(51)   Post Evacuate Collection Set: 1.3ms
[2025-05-02T16:30:19.195+0200][gc,phases     ] GC(51)   Other: 0.6ms
[2025-05-02T16:30:19.195+0200][gc,heap       ] GC(51) Eden regions: 145->0(150)
[2025-05-02T16:30:19.195+0200][gc,heap       ] GC(51) Survivor regions: 16->13(21)
[2025-05-02T16:30:19.195+0200][gc,heap       ] GC(51) Old regions: 75->81
[2025-05-02T16:30:19.195+0200][gc,heap       ] GC(51) Humongous regions: 129->129
[2025-05-02T16:30:19.195+0200][gc,metaspace  ] GC(51) Metaspace: 46027K(49024K)->46027K(49024K) NonClass: 40207K(41728K)->40207K(41728K) Class: 5819K(7296K)->5819K(7296K)
[2025-05-02T16:30:19.195+0200][gc            ] GC(51) Pause Young (Normal) (G1 Evacuation Pause) 362M->219M(1024M) 19.077ms
[2025-05-02T16:30:19.195+0200][gc,cpu        ] GC(51) User=0.16s Sys=0.00s Real=0.02s
[2025-05-02T16:32:46.093+0200][gc,start      ] GC(52) Pause Young (Normal) (G1 Evacuation Pause)
[2025-05-02T16:32:46.093+0200][gc,task       ] GC(52) Using 10 workers of 10 for evacuation
[2025-05-02T16:32:46.115+0200][gc,mmu        ] GC(52) MMU target violated: 21.0ms (20.0ms/21.0ms)
[2025-05-02T16:32:46.115+0200][gc,phases     ] GC(52)   Pre Evacuate Collection Set: 0.9ms
[2025-05-02T16:32:46.115+0200][gc,phases     ] GC(52)   Evacuate Collection Set: 18.8ms
[2025-05-02T16:32:46.115+0200][gc,phases     ] GC(52)   Post Evacuate Collection Set: 1.2ms
[2025-05-02T16:32:46.115+0200][gc,phases     ] GC(52)   Other: 0.5ms
[2025-05-02T16:32:46.115+0200][gc,heap       ] GC(52) Eden regions: 150->0(163)
[2025-05-02T16:32:46.115+0200][gc,heap       ] GC(52) Survivor regions: 13->13(21)
[2025-05-02T16:32:46.115+0200][gc,heap       ] GC(52) Old regions: 81->83
[2025-05-02T16:32:46.115+0200][gc,heap       ] GC(52) Humongous regions: 129->129
[2025-05-02T16:32:46.115+0200][gc,metaspace  ] GC(52) Metaspace: 46032K(49024K)->46032K(49024K) NonClass: 40212K(41728K)->40212K(41728K) Class: 5819K(7296K)->5819K(7296K)
[2025-05-02T16:32:46.115+0200][gc            ] GC(52) Pause Young (Normal) (G1 Evacuation Pause) 369M->223M(1024M) 21.565ms
[2025-05-02T16:32:46.115+0200][gc,cpu        ] GC(52) User=0.16s Sys=0.00s Real=0.02s
[2025-05-02T16:34:45.158+0200][gc,start      ] GC(53) Pause Young (Normal) (G1 Evacuation Pause)
[2025-05-02T16:34:45.158+0200][gc,task       ] GC(53) Using 10 workers of 10 for evacuation
[2025-05-02T16:34:45.198+0200][gc,mmu        ] GC(53) MMU target violated: 21.0ms (20.0ms/21.0ms)
[2025-05-02T16:34:45.198+0200][gc,phases     ] GC(53)   Pre Evacuate Collection Set: 0.3ms
[2025-05-02T16:34:45.198+0200][gc,phases     ] GC(53)   Evacuate Collection Set: 38.1ms
[2025-05-02T16:34:45.198+0200][gc,phases     ] GC(53)   Post Evacuate Collection Set: 1.2ms
[2025-05-02T16:34:45.198+0200][gc,phases     ] GC(53)   Other: 0.6ms
[2025-05-02T16:34:45.198+0200][gc,heap       ] GC(53) Eden regions: 163->0(37)
[2025-05-02T16:34:45.198+0200][gc,heap       ] GC(53) Survivor regions: 13->14(22)
[2025-05-02T16:34:45.198+0200][gc,heap       ] GC(53) Old regions: 83->85
[2025-05-02T16:34:45.198+0200][gc,heap       ] GC(53) Humongous regions: 129->129
[2025-05-02T16:34:45.198+0200][gc,metaspace  ] GC(53) Metaspace: 46032K(49024K)->46032K(49024K) NonClass: 40212K(41728K)->40212K(41728K) Class: 5819K(7296K)->5819K(7296K)
[2025-05-02T16:34:45.198+0200][gc            ] GC(53) Pause Young (Normal) (G1 Evacuation Pause) 386M->226M(1024M) 40.328ms
[2025-05-02T16:34:45.198+0200][gc,cpu        ] GC(53) User=0.36s Sys=0.00s Real=0.04s
[2025-05-02T16:35:12.124+0200][gc,start      ] GC(54) Pause Young (Normal) (G1 Evacuation Pause)
[2025-05-02T16:35:12.124+0200][gc,task       ] GC(54) Using 10 workers of 10 for evacuation
[2025-05-02T16:35:12.147+0200][gc,mmu        ] GC(54) MMU target violated: 21.0ms (20.0ms/21.0ms)
[2025-05-02T16:35:12.147+0200][gc,phases     ] GC(54)   Pre Evacuate Collection Set: 0.4ms
[2025-05-02T16:35:12.147+0200][gc,phases     ] GC(54)   Evacuate Collection Set: 21.7ms
[2025-05-02T16:35:12.147+0200][gc,phases     ] GC(54)   Post Evacuate Collection Set: 1.3ms
[2025-05-02T16:35:12.147+0200][gc,phases     ] GC(54)   Other: 0.5ms
[2025-05-02T16:35:12.147+0200][gc,heap       ] GC(54) Eden regions: 37->0(135)
[2025-05-02T16:35:12.147+0200][gc,heap       ] GC(54) Survivor regions: 14->4(7)
[2025-05-02T16:35:12.147+0200][gc,heap       ] GC(54) Old regions: 85->95
[2025-05-02T16:35:12.148+0200][gc,heap       ] GC(54) Humongous regions: 129->129
[2025-05-02T16:35:12.148+0200][gc,metaspace  ] GC(54) Metaspace: 46032K(49024K)->46032K(49024K) NonClass: 40212K(41728K)->40212K(41728K) Class: 5819K(7296K)->5819K(7296K)
[2025-05-02T16:35:12.148+0200][gc            ] GC(54) Pause Young (Normal) (G1 Evacuation Pause) 263M->226M(1024M) 23.929ms
[2025-05-02T16:35:12.148+0200][gc,cpu        ] GC(54) User=0.10s Sys=0.09s Real=0.02s
[2025-05-02T16:57:42.791+0200][gc,start      ] GC(55) Pause Young (Normal) (G1 Evacuation Pause)
[2025-05-02T16:57:42.791+0200][gc,task       ] GC(55) Using 10 workers of 10 for evacuation
[2025-05-02T16:57:42.800+0200][gc,phases     ] GC(55)   Pre Evacuate Collection Set: 0.4ms
[2025-05-02T16:57:42.800+0200][gc,phases     ] GC(55)   Evacuate Collection Set: 6.9ms
[2025-05-02T16:57:42.800+0200][gc,phases     ] GC(55)   Post Evacuate Collection Set: 1.2ms
[2025-05-02T16:57:42.800+0200][gc,phases     ] GC(55)   Other: 0.5ms
[2025-05-02T16:57:42.800+0200][gc,heap       ] GC(55) Eden regions: 135->0(121)
[2025-05-02T16:57:42.800+0200][gc,heap       ] GC(55) Survivor regions: 4->8(18)
[2025-05-02T16:57:42.800+0200][gc,heap       ] GC(55) Old regions: 95->95
[2025-05-02T16:57:42.800+0200][gc,heap       ] GC(55) Humongous regions: 129->129
[2025-05-02T16:57:42.800+0200][gc,metaspace  ] GC(55) Metaspace: 46034K(49024K)->46034K(49024K) NonClass: 40215K(41728K)->40215K(41728K) Class: 5819K(7296K)->5819K(7296K)
[2025-05-02T16:57:42.800+0200][gc            ] GC(55) Pause Young (Normal) (G1 Evacuation Pause) 361M->230M(1024M) 9.083ms
[2025-05-02T16:57:42.800+0200][gc,cpu        ] GC(55) User=0.06s Sys=0.00s Real=0.01s
[2025-05-02T16:59:08.471+0200][gc,start      ] GC(56) Pause Young (Normal) (G1 Evacuation Pause)
[2025-05-02T16:59:08.471+0200][gc,task       ] GC(56) Using 10 workers of 10 for evacuation
[2025-05-02T16:59:08.484+0200][gc,phases     ] GC(56)   Pre Evacuate Collection Set: 1.6ms
[2025-05-02T16:59:08.484+0200][gc,phases     ] GC(56)   Evacuate Collection Set: 10.3ms
[2025-05-02T16:59:08.484+0200][gc,phases     ] GC(56)   Post Evacuate Collection Set: 1.2ms
[2025-05-02T16:59:08.484+0200][gc,phases     ] GC(56)   Other: 0.5ms
[2025-05-02T16:59:08.484+0200][gc,heap       ] GC(56) Eden regions: 121->0(124)
[2025-05-02T16:59:08.484+0200][gc,heap       ] GC(56) Survivor regions: 8->10(17)
[2025-05-02T16:59:08.484+0200][gc,heap       ] GC(56) Old regions: 95->95
[2025-05-02T16:59:08.484+0200][gc,heap       ] GC(56) Humongous regions: 129->129
[2025-05-02T16:59:08.484+0200][gc,metaspace  ] GC(56) Metaspace: 46035K(49024K)->46035K(49024K) NonClass: 40215K(41728K)->40215K(41728K) Class: 5819K(7296K)->5819K(7296K)
[2025-05-02T16:59:08.484+0200][gc            ] GC(56) Pause Young (Normal) (G1 Evacuation Pause) 351M->232M(1024M) 13.840ms
[2025-05-02T16:59:08.484+0200][gc,cpu        ] GC(56) User=0.09s Sys=0.00s Real=0.01s
[2025-05-03T12:44:39.645+0200][gc,start      ] GC(57) Pause Young (Normal) (G1 Evacuation Pause)
[2025-05-03T12:44:39.645+0200][gc,task       ] GC(57) Using 10 workers of 10 for evacuation
[2025-05-03T12:44:39.668+0200][gc,mmu        ] GC(57) MMU target violated: 21.0ms (20.0ms/21.0ms)
[2025-05-03T12:44:39.668+0200][gc,phases     ] GC(57)   Pre Evacuate Collection Set: 2.6ms
[2025-05-03T12:44:39.668+0200][gc,phases     ] GC(57)   Evacuate Collection Set: 18.5ms
[2025-05-03T12:44:39.668+0200][gc,phases     ] GC(57)   Post Evacuate Collection Set: 1.1ms
[2025-05-03T12:44:39.668+0200][gc,phases     ] GC(57)   Other: 0.8ms
[2025-05-03T12:44:39.668+0200][gc,heap       ] GC(57) Eden regions: 124->0(129)
[2025-05-03T12:44:39.668+0200][gc,heap       ] GC(57) Survivor regions: 10->9(17)
[2025-05-03T12:44:39.668+0200][gc,heap       ] GC(57) Old regions: 95->98
[2025-05-03T12:44:39.668+0200][gc,heap       ] GC(57) Humongous regions: 129->129
[2025-05-03T12:44:39.668+0200][gc,metaspace  ] GC(57) Metaspace: 46036K(49024K)->46036K(49024K) NonClass: 40216K(41728K)->40216K(41728K) Class: 5819K(7296K)->5819K(7296K)
[2025-05-03T12:44:39.668+0200][gc            ] GC(57) Pause Young (Normal) (G1 Evacuation Pause) 356M->233M(1024M) 22.980ms
[2025-05-03T12:44:39.668+0200][gc,cpu        ] GC(57) User=0.13s Sys=0.00s Real=0.02s
[2025-05-03T12:46:09.390+0200][gc,start      ] GC(58) Pause Young (Normal) (G1 Evacuation Pause)
[2025-05-03T12:46:09.390+0200][gc,task       ] GC(58) Using 10 workers of 10 for evacuation
[2025-05-03T12:46:09.399+0200][gc,phases     ] GC(58)   Pre Evacuate Collection Set: 0.2ms
[2025-05-03T12:46:09.399+0200][gc,phases     ] GC(58)   Evacuate Collection Set: 7.3ms
[2025-05-03T12:46:09.399+0200][gc,phases     ] GC(58)   Post Evacuate Collection Set: 1.1ms
[2025-05-03T12:46:09.399+0200][gc,phases     ] GC(58)   Other: 0.4ms
[2025-05-03T12:46:09.399+0200][gc,heap       ] GC(58) Eden regions: 129->0(146)
[2025-05-03T12:46:09.399+0200][gc,heap       ] GC(58) Survivor regions: 9->8(18)
[2025-05-03T12:46:09.399+0200][gc,heap       ] GC(58) Old regions: 98->98
[2025-05-03T12:46:09.399+0200][gc,heap       ] GC(58) Humongous regions: 129->129
[2025-05-03T12:46:09.399+0200][gc,metaspace  ] GC(58) Metaspace: 46036K(49024K)->46036K(49024K) NonClass: 40216K(41728K)->40216K(41728K) Class: 5819K(7296K)->5819K(7296K)
[2025-05-03T12:46:09.399+0200][gc            ] GC(58) Pause Young (Normal) (G1 Evacuation Pause) 362M->232M(1024M) 9.135ms
[2025-05-03T12:46:09.399+0200][gc,cpu        ] GC(58) User=0.04s Sys=0.00s Real=0.01s
[2025-05-03T12:47:49.212+0200][gc,start      ] GC(59) Pause Young (Normal) (G1 Evacuation Pause)
[2025-05-03T12:47:49.212+0200][gc,task       ] GC(59) Using 10 workers of 10 for evacuation
[2025-05-03T12:47:49.222+0200][gc,phases     ] GC(59)   Pre Evacuate Collection Set: 0.4ms
[2025-05-03T12:47:49.222+0200][gc,phases     ] GC(59)   Evacuate Collection Set: 8.4ms
[2025-05-03T12:47:49.222+0200][gc,phases     ] GC(59)   Post Evacuate Collection Set: 1.1ms
[2025-05-03T12:47:49.222+0200][gc,phases     ] GC(59)   Other: 0.5ms
[2025-05-03T12:47:49.222+0200][gc,heap       ] GC(59) Eden regions: 146->0(157)
[2025-05-03T12:47:49.222+0200][gc,heap       ] GC(59) Survivor regions: 8->8(20)
[2025-05-03T12:47:49.222+0200][gc,heap       ] GC(59) Old regions: 98->98
[2025-05-03T12:47:49.222+0200][gc,heap       ] GC(59) Humongous regions: 129->129
[2025-05-03T12:47:49.222+0200][gc,metaspace  ] GC(59) Metaspace: 46036K(49024K)->46036K(49024K) NonClass: 40216K(41728K)->40216K(41728K) Class: 5819K(7296K)->5819K(7296K)
[2025-05-03T12:47:49.222+0200][gc            ] GC(59) Pause Young (Normal) (G1 Evacuation Pause) 378M->232M(1024M) 10.451ms
[2025-05-03T12:47:49.222+0200][gc,cpu        ] GC(59) User=0.08s Sys=0.00s Real=0.01s
[2025-05-03T12:49:42.107+0200][gc,start      ] GC(60) Pause Young (Normal) (G1 Evacuation Pause)
[2025-05-03T12:49:42.107+0200][gc,task       ] GC(60) Using 10 workers of 10 for evacuation
[2025-05-03T12:49:42.122+0200][gc,phases     ] GC(60)   Pre Evacuate Collection Set: 0.2ms
[2025-05-03T12:49:42.122+0200][gc,phases     ] GC(60)   Evacuate Collection Set: 13.4ms
[2025-05-03T12:49:42.122+0200][gc,phases     ] GC(60)   Post Evacuate Collection Set: 1.3ms
[2025-05-03T12:49:42.122+0200][gc,phases     ] GC(60)   Other: 0.4ms
[2025-05-03T12:49:42.122+0200][gc,heap       ] GC(60) Eden regions: 157->0(155)
[2025-05-03T12:49:42.122+0200][gc,heap       ] GC(60) Survivor regions: 8->8(21)
[2025-05-03T12:49:42.122+0200][gc,heap       ] GC(60) Old regions: 98->98
[2025-05-03T12:49:42.122+0200][gc,heap       ] GC(60) Humongous regions: 129->129
[2025-05-03T12:49:42.122+0200][gc,metaspace  ] GC(60) Metaspace: 46040K(49024K)->46040K(49024K) NonClass: 40220K(41728K)->40220K(41728K) Class: 5819K(7296K)->5819K(7296K)
[2025-05-03T12:49:42.122+0200][gc            ] GC(60) Pause Young (Normal) (G1 Evacuation Pause) 389M->232M(1024M) 15.585ms
[2025-05-03T12:49:42.122+0200][gc,cpu        ] GC(60) User=0.15s Sys=0.00s Real=0.02s
[2025-05-03T12:51:34.497+0200][gc,start      ] GC(61) Pause Young (Normal) (G1 Evacuation Pause)
[2025-05-03T12:51:34.497+0200][gc,task       ] GC(61) Using 10 workers of 10 for evacuation
[2025-05-03T12:51:34.533+0200][gc,mmu        ] GC(61) MMU target violated: 21.0ms (20.0ms/21.0ms)
[2025-05-03T12:51:34.534+0200][gc,phases     ] GC(61)   Pre Evacuate Collection Set: 0.5ms
[2025-05-03T12:51:34.534+0200][gc,phases     ] GC(61)   Evacuate Collection Set: 33.7ms
[2025-05-03T12:51:34.534+0200][gc,phases     ] GC(61)   Post Evacuate Collection Set: 1.8ms
[2025-05-03T12:51:34.534+0200][gc,phases     ] GC(61)   Other: 0.6ms
[2025-05-03T12:51:34.534+0200][gc,heap       ] GC(61) Eden regions: 155->0(162)
[2025-05-03T12:51:34.534+0200][gc,heap       ] GC(61) Survivor regions: 8->8(21)
[2025-05-03T12:51:34.534+0200][gc,heap       ] GC(61) Old regions: 98->98
[2025-05-03T12:51:34.534+0200][gc,heap       ] GC(61) Humongous regions: 129->129
[2025-05-03T12:51:34.534+0200][gc,metaspace  ] GC(61) Metaspace: 46040K(49024K)->46040K(49024K) NonClass: 40220K(41728K)->40220K(41728K) Class: 5819K(7296K)->5819K(7296K)
[2025-05-03T12:51:34.534+0200][gc            ] GC(61) Pause Young (Normal) (G1 Evacuation Pause) 387M->232M(1024M) 36.648ms
[2025-05-03T12:51:34.534+0200][gc,cpu        ] GC(61) User=0.28s Sys=0.01s Real=0.03s
[2025-05-03T12:53:28.893+0200][gc,start      ] GC(62) Pause Young (Normal) (G1 Evacuation Pause)
[2025-05-03T12:53:28.893+0200][gc,task       ] GC(62) Using 10 workers of 10 for evacuation
[2025-05-03T12:53:28.911+0200][gc,phases     ] GC(62)   Pre Evacuate Collection Set: 0.2ms
[2025-05-03T12:53:28.912+0200][gc,phases     ] GC(62)   Evacuate Collection Set: 16.5ms
[2025-05-03T12:53:28.912+0200][gc,phases     ] GC(62)   Post Evacuate Collection Set: 1.3ms
[2025-05-03T12:53:28.912+0200][gc,phases     ] GC(62)   Other: 0.4ms
[2025-05-03T12:53:28.912+0200][gc,heap       ] GC(62) Eden regions: 161->0(166)
[2025-05-03T12:53:28.912+0200][gc,heap       ] GC(62) Survivor regions: 8->8(22)
[2025-05-03T12:53:28.912+0200][gc,heap       ] GC(62) Old regions: 98->98
[2025-05-03T12:53:28.912+0200][gc,heap       ] GC(62) Humongous regions: 129->129
[2025-05-03T12:53:28.912+0200][gc,metaspace  ] GC(62) Metaspace: 46040K(49024K)->46040K(49024K) NonClass: 40220K(41728K)->40220K(41728K) Class: 5819K(7296K)->5819K(7296K)
[2025-05-03T12:53:28.912+0200][gc            ] GC(62) Pause Young (Normal) (G1 Evacuation Pause) 393M->232M(1024M) 18.577ms
[2025-05-03T12:53:28.912+0200][gc,cpu        ] GC(62) User=0.14s Sys=0.01s Real=0.02s
[2025-05-03T12:55:26.228+0200][gc,start      ] GC(63) Pause Young (Normal) (G1 Evacuation Pause)
[2025-05-03T12:55:26.228+0200][gc,task       ] GC(63) Using 10 workers of 10 for evacuation
[2025-05-03T12:55:26.257+0200][gc,mmu        ] GC(63) MMU target violated: 21.0ms (20.0ms/21.0ms)
[2025-05-03T12:55:26.257+0200][gc,phases     ] GC(63)   Pre Evacuate Collection Set: 0.3ms
[2025-05-03T12:55:26.257+0200][gc,phases     ] GC(63)   Evacuate Collection Set: 26.9ms
[2025-05-03T12:55:26.257+0200][gc,phases     ] GC(63)   Post Evacuate Collection Set: 1.3ms
[2025-05-03T12:55:26.257+0200][gc,phases     ] GC(63)   Other: 0.7ms
[2025-05-03T12:55:26.257+0200][gc,heap       ] GC(63) Eden regions: 166->0(148)
[2025-05-03T12:55:26.257+0200][gc,heap       ] GC(63) Survivor regions: 8->8(22)
[2025-05-03T12:55:26.257+0200][gc,heap       ] GC(63) Old regions: 98->98
[2025-05-03T12:55:26.257+0200][gc,heap       ] GC(63) Humongous regions: 129->129
[2025-05-03T12:55:26.257+0200][gc,metaspace  ] GC(63) Metaspace: 46041K(49024K)->46041K(49024K) NonClass: 40222K(41728K)->40222K(41728K) Class: 5819K(7296K)->5819K(7296K)
[2025-05-03T12:55:26.257+0200][gc            ] GC(63) Pause Young (Normal) (G1 Evacuation Pause) 398M->232M(1024M) 29.192ms
[2025-05-03T12:55:26.257+0200][gc,cpu        ] GC(63) User=0.22s Sys=0.02s Real=0.03s
[2025-05-03T12:57:12.999+0200][gc,start      ] GC(64) Pause Young (Normal) (G1 Evacuation Pause)
[2025-05-03T12:57:12.999+0200][gc,task       ] GC(64) Using 10 workers of 10 for evacuation
[2025-05-03T12:57:13.034+0200][gc,mmu        ] GC(64) MMU target violated: 21.0ms (20.0ms/21.0ms)
[2025-05-03T12:57:13.034+0200][gc,phases     ] GC(64)   Pre Evacuate Collection Set: 0.1ms
[2025-05-03T12:57:13.034+0200][gc,phases     ] GC(64)   Evacuate Collection Set: 33.5ms
[2025-05-03T12:57:13.034+0200][gc,phases     ] GC(64)   Post Evacuate Collection Set: 1.0ms
[2025-05-03T12:57:13.034+0200][gc,phases     ] GC(64)   Other: 0.5ms
[2025-05-03T12:57:13.034+0200][gc,heap       ] GC(64) Eden regions: 148->0(167)
[2025-05-03T12:57:13.034+0200][gc,heap       ] GC(64) Survivor regions: 8->8(20)
[2025-05-03T12:57:13.034+0200][gc,heap       ] GC(64) Old regions: 98->98
[2025-05-03T12:57:13.034+0200][gc,heap       ] GC(64) Humongous regions: 129->129
[2025-05-03T12:57:13.034+0200][gc,metaspace  ] GC(64) Metaspace: 46042K(49024K)->46042K(49024K) NonClass: 40222K(41728K)->40222K(41728K) Class: 5819K(7296K)->5819K(7296K)
[2025-05-03T12:57:13.034+0200][gc            ] GC(64) Pause Young (Normal) (G1 Evacuation Pause) 380M->232M(1024M) 35.102ms
[2025-05-03T12:57:13.034+0200][gc,cpu        ] GC(64) User=0.27s Sys=0.02s Real=0.03s
[2025-05-03T12:59:14.210+0200][gc,start      ] GC(65) Pause Young (Normal) (G1 Evacuation Pause)
[2025-05-03T12:59:14.210+0200][gc,task       ] GC(65) Using 10 workers of 10 for evacuation
[2025-05-03T12:59:14.252+0200][gc,mmu        ] GC(65) MMU target violated: 21.0ms (20.0ms/21.0ms)
[2025-05-03T12:59:14.252+0200][gc,phases     ] GC(65)   Pre Evacuate Collection Set: 0.1ms
[2025-05-03T12:59:14.252+0200][gc,phases     ] GC(65)   Evacuate Collection Set: 40.0ms
[2025-05-03T12:59:14.252+0200][gc,phases     ] GC(65)   Post Evacuate Collection Set: 1.2ms
[2025-05-03T12:59:14.252+0200][gc,phases     ] GC(65)   Other: 0.5ms
[2025-05-03T12:59:14.252+0200][gc,heap       ] GC(65) Eden regions: 166->0(43)
[2025-05-03T12:59:14.252+0200][gc,heap       ] GC(65) Survivor regions: 8->8(22)
[2025-05-03T12:59:14.252+0200][gc,heap       ] GC(65) Old regions: 98->98
[2025-05-03T12:59:14.252+0200][gc,heap       ] GC(65) Humongous regions: 129->129
[2025-05-03T12:59:14.252+0200][gc,metaspace  ] GC(65) Metaspace: 46042K(49024K)->46042K(49024K) NonClass: 40222K(41728K)->40222K(41728K) Class: 5819K(7296K)->5819K(7296K)
[2025-05-03T12:59:14.252+0200][gc            ] GC(65) Pause Young (Normal) (G1 Evacuation Pause) 398M->232M(1024M) 41.763ms
[2025-05-03T12:59:14.252+0200][gc,cpu        ] GC(65) User=0.31s Sys=0.09s Real=0.04s
[2025-05-03T12:59:45.291+0200][gc,start      ] GC(66) Pause Young (Normal) (G1 Evacuation Pause)
[2025-05-03T12:59:45.291+0200][gc,task       ] GC(66) Using 10 workers of 10 for evacuation
[2025-05-03T12:59:45.306+0200][gc,phases     ] GC(66)   Pre Evacuate Collection Set: 0.0ms
[2025-05-03T12:59:45.306+0200][gc,phases     ] GC(66)   Evacuate Collection Set: 13.3ms
[2025-05-03T12:59:45.306+0200][gc,phases     ] GC(66)   Post Evacuate Collection Set: 0.9ms
[2025-05-03T12:59:45.306+0200][gc,phases     ] GC(66)   Other: 0.3ms
[2025-05-03T12:59:45.306+0200][gc,heap       ] GC(66) Eden regions: 43->0(133)
[2025-05-03T12:59:45.306+0200][gc,heap       ] GC(66) Survivor regions: 8->4(7)
[2025-05-03T12:59:45.306+0200][gc,heap       ] GC(66) Old regions: 98->102
[2025-05-03T12:59:45.306+0200][gc,heap       ] GC(66) Humongous regions: 129->129
[2025-05-03T12:59:45.306+0200][gc,metaspace  ] GC(66) Metaspace: 46042K(49024K)->46042K(49024K) NonClass: 40222K(41728K)->40222K(41728K) Class: 5819K(7296K)->5819K(7296K)
[2025-05-03T12:59:45.306+0200][gc            ] GC(66) Pause Young (Normal) (G1 Evacuation Pause) 275M->232M(1024M) 14.809ms
[2025-05-03T12:59:45.306+0200][gc,cpu        ] GC(66) User=0.04s Sys=0.09s Real=0.01s
[2025-05-03T13:01:18.006+0200][gc,start      ] GC(67) Pause Young (Normal) (G1 Evacuation Pause)
[2025-05-03T13:01:18.006+0200][gc,task       ] GC(67) Using 10 workers of 10 for evacuation
[2025-05-03T13:01:18.016+0200][gc,phases     ] GC(67)   Pre Evacuate Collection Set: 0.1ms
[2025-05-03T13:01:18.016+0200][gc,phases     ] GC(67)   Evacuate Collection Set: 6.2ms
[2025-05-03T13:01:18.016+0200][gc,phases     ] GC(67)   Post Evacuate Collection Set: 2.7ms
[2025-05-03T13:01:18.016+0200][gc,phases     ] GC(67)   Other: 0.6ms
[2025-05-03T13:01:18.016+0200][gc,heap       ] GC(67) Eden regions: 133->0(160)
[2025-05-03T13:01:18.016+0200][gc,heap       ] GC(67) Survivor regions: 4->3(18)
[2025-05-03T13:01:18.016+0200][gc,heap       ] GC(67) Old regions: 102->102
[2025-05-03T13:01:18.016+0200][gc,heap       ] GC(67) Humongous regions: 129->129
[2025-05-03T13:01:18.016+0200][gc,metaspace  ] GC(67) Metaspace: 46043K(49024K)->46043K(49024K) NonClass: 40223K(41728K)->40223K(41728K) Class: 5819K(7296K)->5819K(7296K)
[2025-05-03T13:01:18.016+0200][gc            ] GC(67) Pause Young (Normal) (G1 Evacuation Pause) 365M->232M(1024M) 9.881ms
[2025-05-03T13:01:18.016+0200][gc,cpu        ] GC(67) User=0.05s Sys=0.00s Real=0.01s
[2025-05-03T13:50:03.918+0200][gc,start      ] GC(68) Pause Young (Normal) (G1 Evacuation Pause)
[2025-05-03T13:50:03.919+0200][gc,task       ] GC(68) Using 10 workers of 10 for evacuation
[2025-05-03T13:50:03.924+0200][gc,phases     ] GC(68)   Pre Evacuate Collection Set: 0.2ms
[2025-05-03T13:50:03.924+0200][gc,phases     ] GC(68)   Evacuate Collection Set: 4.2ms
[2025-05-03T13:50:03.924+0200][gc,phases     ] GC(68)   Post Evacuate Collection Set: 0.8ms
[2025-05-03T13:50:03.924+0200][gc,phases     ] GC(68)   Other: 0.5ms
[2025-05-03T13:50:03.924+0200][gc,heap       ] GC(68) Eden regions: 160->0(169)
[2025-05-03T13:50:03.924+0200][gc,heap       ] GC(68) Survivor regions: 3->3(21)
[2025-05-03T13:50:03.924+0200][gc,heap       ] GC(68) Old regions: 102->102
[2025-05-03T13:50:03.924+0200][gc,heap       ] GC(68) Humongous regions: 129->129
[2025-05-03T13:50:03.924+0200][gc,metaspace  ] GC(68) Metaspace: 46043K(49024K)->46043K(49024K) NonClass: 40223K(41728K)->40223K(41728K) Class: 5819K(7296K)->5819K(7296K)
[2025-05-03T13:50:03.924+0200][gc            ] GC(68) Pause Young (Normal) (G1 Evacuation Pause) 392M->232M(1024M) 5.865ms
[2025-05-03T13:50:03.924+0200][gc,cpu        ] GC(68) User=0.03s Sys=0.00s Real=0.01s
[2025-05-03T13:52:01.359+0200][gc,start      ] GC(69) Pause Young (Normal) (G1 Evacuation Pause)
[2025-05-03T13:52:01.359+0200][gc,task       ] GC(69) Using 10 workers of 10 for evacuation
[2025-05-03T13:52:01.372+0200][gc,phases     ] GC(69)   Pre Evacuate Collection Set: 0.2ms
[2025-05-03T13:52:01.372+0200][gc,phases     ] GC(69)   Evacuate Collection Set: 10.3ms
[2025-05-03T13:52:01.372+0200][gc,phases     ] GC(69)   Post Evacuate Collection Set: 2.1ms
[2025-05-03T13:52:01.372+0200][gc,phases     ] GC(69)   Other: 0.5ms
[2025-05-03T13:52:01.372+0200][gc,heap       ] GC(69) Eden regions: 169->0(174)
[2025-05-03T13:52:01.372+0200][gc,heap       ] GC(69) Survivor regions: 3->3(22)
[2025-05-03T13:52:01.372+0200][gc,heap       ] GC(69) Old regions: 102->102
[2025-05-03T13:52:01.372+0200][gc,heap       ] GC(69) Humongous regions: 129->129
[2025-05-03T13:52:01.372+0200][gc,metaspace  ] GC(69) Metaspace: 46043K(49024K)->46043K(49024K) NonClass: 40223K(41728K)->40223K(41728K) Class: 5819K(7296K)->5819K(7296K)
[2025-05-03T13:52:01.372+0200][gc            ] GC(69) Pause Young (Normal) (G1 Evacuation Pause) 401M->232M(1024M) 13.509ms
[2025-05-03T13:52:01.372+0200][gc,cpu        ] GC(69) User=0.10s Sys=0.00s Real=0.02s
[2025-05-03T13:53:59.696+0200][gc,start      ] GC(70) Pause Young (Normal) (G1 Evacuation Pause)
[2025-05-03T13:53:59.696+0200][gc,task       ] GC(70) Using 10 workers of 10 for evacuation
[2025-05-03T13:53:59.734+0200][gc,mmu        ] GC(70) MMU target violated: 21.0ms (20.0ms/21.0ms)
[2025-05-03T13:53:59.734+0200][gc,phases     ] GC(70)   Pre Evacuate Collection Set: 0.2ms
[2025-05-03T13:53:59.734+0200][gc,phases     ] GC(70)   Evacuate Collection Set: 35.8ms
[2025-05-03T13:53:59.734+0200][gc,phases     ] GC(70)   Post Evacuate Collection Set: 1.2ms
[2025-05-03T13:53:59.734+0200][gc,phases     ] GC(70)   Other: 0.6ms
[2025-05-03T13:53:59.734+0200][gc,heap       ] GC(70) Eden regions: 174->0(182)
[2025-05-03T13:53:59.734+0200][gc,heap       ] GC(70) Survivor regions: 3->3(23)
[2025-05-03T13:53:59.734+0200][gc,heap       ] GC(70) Old regions: 102->102
[2025-05-03T13:53:59.734+0200][gc,heap       ] GC(70) Humongous regions: 129->129
[2025-05-03T13:53:59.734+0200][gc,metaspace  ] GC(70) Metaspace: 46043K(49024K)->46043K(49024K) NonClass: 40223K(41728K)->40223K(41728K) Class: 5819K(7296K)->5819K(7296K)
[2025-05-03T13:53:59.734+0200][gc            ] GC(70) Pause Young (Normal) (G1 Evacuation Pause) 406M->232M(1024M) 37.906ms
[2025-05-03T13:53:59.734+0200][gc,cpu        ] GC(70) User=0.32s Sys=0.00s Real=0.04s
[2025-05-03T13:55:59.515+0200][gc,start      ] GC(71) Pause Young (Normal) (G1 Evacuation Pause)
[2025-05-03T13:55:59.515+0200][gc,task       ] GC(71) Using 10 workers of 10 for evacuation
[2025-05-03T13:55:59.572+0200][gc,mmu        ] GC(71) MMU target violated: 21.0ms (20.0ms/21.0ms)
[2025-05-03T13:55:59.572+0200][gc,phases     ] GC(71)   Pre Evacuate Collection Set: 0.0ms
[2025-05-03T13:55:59.572+0200][gc,phases     ] GC(71)   Evacuate Collection Set: 55.8ms
[2025-05-03T13:55:59.572+0200][gc,phases     ] GC(71)   Post Evacuate Collection Set: 1.2ms
[2025-05-03T13:55:59.572+0200][gc,phases     ] GC(71)   Other: 0.5ms
[2025-05-03T13:55:59.572+0200][gc,heap       ] GC(71) Eden regions: 182->0(183)
[2025-05-03T13:55:59.572+0200][gc,heap       ] GC(71) Survivor regions: 3->1(24)
[2025-05-03T13:55:59.572+0200][gc,heap       ] GC(71) Old regions: 102->105
[2025-05-03T13:55:59.572+0200][gc,heap       ] GC(71) Humongous regions: 129->129
[2025-05-03T13:55:59.572+0200][gc,metaspace  ] GC(71) Metaspace: 46043K(49024K)->46043K(49024K) NonClass: 40223K(41728K)->40223K(41728K) Class: 5819K(7296K)->5819K(7296K)
[2025-05-03T13:55:59.572+0200][gc            ] GC(71) Pause Young (Normal) (G1 Evacuation Pause) 414M->232M(1024M) 57.537ms
[2025-05-03T13:55:59.572+0200][gc,cpu        ] GC(71) User=0.38s Sys=0.08s Real=0.06s
[2025-05-03T13:57:59.611+0200][gc,start      ] GC(72) Pause Young (Normal) (G1 Evacuation Pause)
[2025-05-03T13:57:59.611+0200][gc,task       ] GC(72) Using 10 workers of 10 for evacuation
[2025-05-03T13:57:59.615+0200][gc,phases     ] GC(72)   Pre Evacuate Collection Set: 0.1ms
[2025-05-03T13:57:59.615+0200][gc,phases     ] GC(72)   Evacuate Collection Set: 2.3ms
[2025-05-03T13:57:59.615+0200][gc,phases     ] GC(72)   Post Evacuate Collection Set: 1.0ms
[2025-05-03T13:57:59.615+0200][gc,phases     ] GC(72)   Other: 0.4ms
[2025-05-03T13:57:59.615+0200][gc,heap       ] GC(72) Eden regions: 183->0(192)
[2025-05-03T13:57:59.615+0200][gc,heap       ] GC(72) Survivor regions: 1->1(23)
[2025-05-03T13:57:59.615+0200][gc,heap       ] GC(72) Old regions: 105->105
[2025-05-03T13:57:59.615+0200][gc,heap       ] GC(72) Humongous regions: 129->129
[2025-05-03T13:57:59.615+0200][gc,metaspace  ] GC(72) Metaspace: 46045K(49024K)->46045K(49024K) NonClass: 40225K(41728K)->40225K(41728K) Class: 5819K(7296K)->5819K(7296K)
[2025-05-03T13:57:59.615+0200][gc            ] GC(72) Pause Young (Normal) (G1 Evacuation Pause) 415M->232M(1024M) 3.972ms
[2025-05-03T13:57:59.615+0200][gc,cpu        ] GC(72) User=0.01s Sys=0.01s Real=0.00s
[2025-05-03T14:00:06.089+0200][gc,start      ] GC(73) Pause Young (Normal) (G1 Evacuation Pause)
[2025-05-03T14:00:06.089+0200][gc,task       ] GC(73) Using 10 workers of 10 for evacuation
[2025-05-03T14:00:06.096+0200][gc,phases     ] GC(73)   Pre Evacuate Collection Set: 0.2ms
[2025-05-03T14:00:06.096+0200][gc,phases     ] GC(73)   Evacuate Collection Set: 2.9ms
[2025-05-03T14:00:06.096+0200][gc,phases     ] GC(73)   Post Evacuate Collection Set: 3.4ms
[2025-05-03T14:00:06.096+0200][gc,phases     ] GC(73)   Other: 0.4ms
[2025-05-03T14:00:06.096+0200][gc,heap       ] GC(73) Eden regions: 192->0(193)
[2025-05-03T14:00:06.096+0200][gc,heap       ] GC(73) Survivor regions: 1->1(25)
[2025-05-03T14:00:06.096+0200][gc,heap       ] GC(73) Old regions: 105->105
[2025-05-03T14:00:06.096+0200][gc,heap       ] GC(73) Humongous regions: 129->129
[2025-05-03T14:00:06.096+0200][gc,metaspace  ] GC(73) Metaspace: 46045K(49024K)->46045K(49024K) NonClass: 40226K(41728K)->40226K(41728K) Class: 5819K(7296K)->5819K(7296K)
[2025-05-03T14:00:06.096+0200][gc            ] GC(73) Pause Young (Normal) (G1 Evacuation Pause) 424M->232M(1024M) 7.240ms
[2025-05-03T14:00:06.096+0200][gc,cpu        ] GC(73) User=0.02s Sys=0.01s Real=0.00s
[2025-05-03T14:02:13.763+0200][gc,start      ] GC(74) Pause Young (Normal) (G1 Evacuation Pause)
[2025-05-03T14:02:13.764+0200][gc,task       ] GC(74) Using 10 workers of 10 for evacuation
[2025-05-03T14:02:13.768+0200][gc,phases     ] GC(74)   Pre Evacuate Collection Set: 0.0ms
[2025-05-03T14:02:13.768+0200][gc,phases     ] GC(74)   Evacuate Collection Set: 2.5ms
[2025-05-03T14:02:13.768+0200][gc,phases     ] GC(74)   Post Evacuate Collection Set: 1.7ms
[2025-05-03T14:02:13.768+0200][gc,phases     ] GC(74)   Other: 0.4ms
[2025-05-03T14:02:13.768+0200][gc,heap       ] GC(74) Eden regions: 193->0(198)
[2025-05-03T14:02:13.768+0200][gc,heap       ] GC(74) Survivor regions: 1->1(25)
[2025-05-03T14:02:13.768+0200][gc,heap       ] GC(74) Old regions: 105->105
[2025-05-03T14:02:13.768+0200][gc,heap       ] GC(74) Humongous regions: 129->129
[2025-05-03T14:02:13.768+0200][gc,metaspace  ] GC(74) Metaspace: 46045K(49024K)->46045K(49024K) NonClass: 40226K(41728K)->40226K(41728K) Class: 5819K(7296K)->5819K(7296K)
[2025-05-03T14:02:13.768+0200][gc            ] GC(74) Pause Young (Normal) (G1 Evacuation Pause) 425M->232M(1024M) 4.776ms
[2025-05-03T14:02:13.768+0200][gc,cpu        ] GC(74) User=0.02s Sys=0.01s Real=0.00s
