[2025-05-09T21:16:53.773+0200][gc,heap] Heap region size: 1M
[2025-05-09T21:16:53.789+0200][gc     ] Using G1
[2025-05-09T21:16:53.789+0200][gc,heap,coops] Heap address: 0x00000000c0000000, size: 1024 MB, Compressed Oops mode: 32-bit
[2025-05-09T21:16:53.789+0200][gc,cds       ] Mark closed archive regions in map: [0x00000000fff00000, 0x00000000fff6bff8]
[2025-05-09T21:16:53.790+0200][gc,cds       ] Mark open archive regions in map: [0x00000000ffe00000, 0x00000000ffe47ff8]
[2025-05-09T21:16:56.479+0200][gc,start     ] GC(0) Pause Young (Normal) (G1 Evacuation Pause)
[2025-05-09T21:16:56.482+0200][gc,task      ] GC(0) Using 10 workers of 10 for evacuation
[2025-05-09T21:16:56.502+0200][gc,mmu       ] GC(0) MMU target violated: 20.4ms (20.0ms/21.0ms)
[2025-05-09T21:16:56.503+0200][gc,phases    ] GC(0)   Pre Evacuate Collection Set: 0.2ms
[2025-05-09T21:16:56.503+0200][gc,phases    ] GC(0)   Evacuate Collection Set: 19.1ms
[2025-05-09T21:16:56.503+0200][gc,phases    ] GC(0)   Post Evacuate Collection Set: 1.0ms
[2025-05-09T21:16:56.503+0200][gc,phases    ] GC(0)   Other: 2.9ms
[2025-05-09T21:16:56.503+0200][gc,heap      ] GC(0) Eden regions: 51->0(44)
[2025-05-09T21:16:56.503+0200][gc,heap      ] GC(0) Survivor regions: 0->7(7)
[2025-05-09T21:16:56.503+0200][gc,heap      ] GC(0) Old regions: 2->3
[2025-05-09T21:16:56.503+0200][gc,heap      ] GC(0) Humongous regions: 0->0
[2025-05-09T21:16:56.503+0200][gc,metaspace ] GC(0) Metaspace: 13961K(14848K)->13961K(14848K) NonClass: 12236K(12800K)->12236K(12800K) Class: 1724K(2048K)->1724K(2048K)
[2025-05-09T21:16:56.503+0200][gc           ] GC(0) Pause Young (Normal) (G1 Evacuation Pause) 51M->8M(1024M) 23.229ms
[2025-05-09T21:16:56.503+0200][gc,cpu       ] GC(0) User=0.06s Sys=0.13s Real=0.02s
[2025-05-09T21:16:57.911+0200][gc,start     ] GC(1) Pause Young (Concurrent Start) (Metadata GC Threshold)
[2025-05-09T21:16:57.911+0200][gc,task      ] GC(1) Using 10 workers of 10 for evacuation
[2025-05-09T21:16:57.937+0200][gc,mmu       ] GC(1) MMU target violated: 21.0ms (20.0ms/21.0ms)
[2025-05-09T21:16:57.938+0200][gc,phases    ] GC(1)   Pre Evacuate Collection Set: 0.1ms
[2025-05-09T21:16:57.938+0200][gc,phases    ] GC(1)   Evacuate Collection Set: 23.3ms
[2025-05-09T21:16:57.938+0200][gc,phases    ] GC(1)   Post Evacuate Collection Set: 1.5ms
[2025-05-09T21:16:57.938+0200][gc,phases    ] GC(1)   Other: 1.5ms
[2025-05-09T21:16:57.938+0200][gc,heap      ] GC(1) Eden regions: 31->0(49)
[2025-05-09T21:16:57.938+0200][gc,heap      ] GC(1) Survivor regions: 7->2(7)
[2025-05-09T21:16:57.938+0200][gc,heap      ] GC(1) Old regions: 3->10
[2025-05-09T21:16:57.938+0200][gc,heap      ] GC(1) Humongous regions: 0->0
[2025-05-09T21:16:57.938+0200][gc,metaspace ] GC(1) Metaspace: 20543K(21248K)->20543K(21248K) NonClass: 18066K(18432K)->18066K(18432K) Class: 2476K(2816K)->2476K(2816K)
[2025-05-09T21:16:57.938+0200][gc           ] GC(1) Pause Young (Concurrent Start) (Metadata GC Threshold) 38M->9M(1024M) 26.446ms
[2025-05-09T21:16:57.938+0200][gc,cpu       ] GC(1) User=0.06s Sys=0.06s Real=0.03s
[2025-05-09T21:16:57.938+0200][gc           ] GC(2) Concurrent Cycle
[2025-05-09T21:16:57.938+0200][gc,marking   ] GC(2) Concurrent Clear Claimed Marks
[2025-05-09T21:16:57.938+0200][gc,marking   ] GC(2) Concurrent Clear Claimed Marks 0.193ms
[2025-05-09T21:16:57.938+0200][gc,marking   ] GC(2) Concurrent Scan Root Regions
[2025-05-09T21:16:57.940+0200][gc,marking   ] GC(2) Concurrent Scan Root Regions 2.268ms
[2025-05-09T21:16:57.941+0200][gc,marking   ] GC(2) Concurrent Mark (4.172s)
[2025-05-09T21:16:57.941+0200][gc,marking   ] GC(2) Concurrent Mark From Roots
[2025-05-09T21:16:57.941+0200][gc,task      ] GC(2) Using 3 workers of 3 for marking
[2025-05-09T21:16:57.947+0200][gc,marking   ] GC(2) Concurrent Mark From Roots 6.461ms
[2025-05-09T21:16:57.947+0200][gc,marking   ] GC(2) Concurrent Preclean
[2025-05-09T21:16:57.947+0200][gc,marking   ] GC(2) Concurrent Preclean 0.296ms
[2025-05-09T21:16:57.947+0200][gc,marking   ] GC(2) Concurrent Mark (4.172s, 4.179s) 6.961ms
[2025-05-09T21:16:57.948+0200][gc,start     ] GC(2) Pause Remark
[2025-05-09T21:16:57.954+0200][gc,stringtable] GC(2) Cleaned string and symbol table, strings: 5693 processed, 0 removed, symbols: 53849 processed, 42 removed
[2025-05-09T21:16:57.955+0200][gc            ] GC(2) Pause Remark 9M->9M(1024M) 6.910ms
[2025-05-09T21:16:57.955+0200][gc,cpu        ] GC(2) User=0.03s Sys=0.01s Real=0.01s
[2025-05-09T21:16:57.955+0200][gc,marking    ] GC(2) Concurrent Rebuild Remembered Sets
[2025-05-09T21:16:57.959+0200][gc,marking    ] GC(2) Concurrent Rebuild Remembered Sets 3.438ms
[2025-05-09T21:16:57.960+0200][gc,start      ] GC(2) Pause Cleanup
[2025-05-09T21:16:57.961+0200][gc            ] GC(2) Pause Cleanup 9M->9M(1024M) 0.724ms
[2025-05-09T21:16:57.961+0200][gc,cpu        ] GC(2) User=0.00s Sys=0.00s Real=0.00s
[2025-05-09T21:16:57.961+0200][gc,marking    ] GC(2) Concurrent Cleanup for Next Mark
[2025-05-09T21:16:57.983+0200][gc,marking    ] GC(2) Concurrent Cleanup for Next Mark 21.961ms
[2025-05-09T21:16:57.983+0200][gc            ] GC(2) Concurrent Cycle 45.336ms
[2025-05-09T21:17:01.211+0200][gc,start      ] GC(3) Pause Young (Normal) (G1 Evacuation Pause)
[2025-05-09T21:17:01.211+0200][gc,task       ] GC(3) Using 10 workers of 10 for evacuation
[2025-05-09T21:17:01.218+0200][gc,phases     ] GC(3)   Pre Evacuate Collection Set: 0.1ms
[2025-05-09T21:17:01.218+0200][gc,phases     ] GC(3)   Evacuate Collection Set: 6.0ms
[2025-05-09T21:17:01.218+0200][gc,phases     ] GC(3)   Post Evacuate Collection Set: 1.0ms
[2025-05-09T21:17:01.218+0200][gc,phases     ] GC(3)   Other: 0.3ms
[2025-05-09T21:17:01.218+0200][gc,heap       ] GC(3) Eden regions: 49->0(46)
[2025-05-09T21:17:01.218+0200][gc,heap       ] GC(3) Survivor regions: 2->5(7)
[2025-05-09T21:17:01.218+0200][gc,heap       ] GC(3) Old regions: 10->10
[2025-05-09T21:17:01.218+0200][gc,heap       ] GC(3) Humongous regions: 129->129
[2025-05-09T21:17:01.218+0200][gc,metaspace  ] GC(3) Metaspace: 28905K(29952K)->28905K(29952K) NonClass: 25543K(26112K)->25543K(26112K) Class: 3362K(3840K)->3362K(3840K)
[2025-05-09T21:17:01.218+0200][gc            ] GC(3) Pause Young (Normal) (G1 Evacuation Pause) 187M->140M(1024M) 7.682ms
[2025-05-09T21:17:01.218+0200][gc,cpu        ] GC(3) User=0.05s Sys=0.00s Real=0.01s
[2025-05-09T21:17:02.127+0200][gc,start      ] GC(4) Pause Young (Concurrent Start) (Metadata GC Threshold)
[2025-05-09T21:17:02.127+0200][gc,task       ] GC(4) Using 10 workers of 10 for evacuation
[2025-05-09T21:17:02.138+0200][gc,phases     ] GC(4)   Pre Evacuate Collection Set: 0.2ms
[2025-05-09T21:17:02.138+0200][gc,phases     ] GC(4)   Evacuate Collection Set: 9.3ms
[2025-05-09T21:17:02.138+0200][gc,phases     ] GC(4)   Post Evacuate Collection Set: 1.3ms
[2025-05-09T21:17:02.138+0200][gc,phases     ] GC(4)   Other: 0.7ms
[2025-05-09T21:17:02.138+0200][gc,heap       ] GC(4) Eden regions: 35->0(45)
[2025-05-09T21:17:02.138+0200][gc,heap       ] GC(4) Survivor regions: 5->6(7)
[2025-05-09T21:17:02.139+0200][gc,heap       ] GC(4) Old regions: 10->11
[2025-05-09T21:17:02.139+0200][gc,heap       ] GC(4) Humongous regions: 129->129
[2025-05-09T21:17:02.139+0200][gc,metaspace  ] GC(4) Metaspace: 34632K(35840K)->34632K(35840K) NonClass: 30700K(31360K)->30700K(31360K) Class: 3931K(4480K)->3931K(4480K)
[2025-05-09T21:17:02.139+0200][gc            ] GC(4) Pause Young (Concurrent Start) (Metadata GC Threshold) 175M->143M(1024M) 11.734ms
[2025-05-09T21:17:02.139+0200][gc,cpu        ] GC(4) User=0.05s Sys=0.00s Real=0.01s
[2025-05-09T21:17:02.139+0200][gc            ] GC(5) Concurrent Cycle
[2025-05-09T21:17:02.139+0200][gc,marking    ] GC(5) Concurrent Clear Claimed Marks
[2025-05-09T21:17:02.139+0200][gc,marking    ] GC(5) Concurrent Clear Claimed Marks 0.175ms
[2025-05-09T21:17:02.139+0200][gc,marking    ] GC(5) Concurrent Scan Root Regions
[2025-05-09T21:17:02.141+0200][gc,marking    ] GC(5) Concurrent Scan Root Regions 2.553ms
[2025-05-09T21:17:02.142+0200][gc,marking    ] GC(5) Concurrent Mark (6.813s)
[2025-05-09T21:17:02.142+0200][gc,marking    ] GC(5) Concurrent Mark From Roots
[2025-05-09T21:17:02.142+0200][gc,task       ] GC(5) Using 3 workers of 3 for marking
[2025-05-09T21:17:02.154+0200][gc,marking    ] GC(5) Concurrent Mark From Roots 12.481ms
[2025-05-09T21:17:02.154+0200][gc,marking    ] GC(5) Concurrent Preclean
[2025-05-09T21:17:02.154+0200][gc,marking    ] GC(5) Concurrent Preclean 0.176ms
[2025-05-09T21:17:02.154+0200][gc,marking    ] GC(5) Concurrent Mark (6.813s, 6.826s) 12.789ms
[2025-05-09T21:17:02.156+0200][gc,start      ] GC(5) Pause Remark
[2025-05-09T21:17:02.173+0200][gc,stringtable] GC(5) Cleaned string and symbol table, strings: 11604 processed, 10 removed, symbols: 88771 processed, 19 removed
[2025-05-09T21:17:02.174+0200][gc            ] GC(5) Pause Remark 144M->144M(1024M) 18.316ms
[2025-05-09T21:17:02.175+0200][gc,cpu        ] GC(5) User=0.09s Sys=0.00s Real=0.02s
[2025-05-09T21:17:02.175+0200][gc,marking    ] GC(5) Concurrent Rebuild Remembered Sets
[2025-05-09T21:17:02.183+0200][gc,marking    ] GC(5) Concurrent Rebuild Remembered Sets 8.037ms
[2025-05-09T21:17:02.185+0200][gc,start      ] GC(5) Pause Cleanup
[2025-05-09T21:17:02.186+0200][gc            ] GC(5) Pause Cleanup 145M->145M(1024M) 0.631ms
[2025-05-09T21:17:02.186+0200][gc,cpu        ] GC(5) User=0.00s Sys=0.00s Real=0.00s
[2025-05-09T21:17:02.186+0200][gc,marking    ] GC(5) Concurrent Cleanup for Next Mark
[2025-05-09T21:17:02.324+0200][gc,marking    ] GC(5) Concurrent Cleanup for Next Mark 137.688ms
[2025-05-09T21:17:02.324+0200][gc            ] GC(5) Concurrent Cycle 185.634ms
[2025-05-09T21:19:02.963+0200][gc,start      ] GC(6) Pause Young (Normal) (G1 Evacuation Pause)
[2025-05-09T21:19:02.964+0200][gc,task       ] GC(6) Using 10 workers of 10 for evacuation
[2025-05-09T21:19:02.983+0200][gc,phases     ] GC(6)   Pre Evacuate Collection Set: 1.6ms
[2025-05-09T21:19:02.983+0200][gc,phases     ] GC(6)   Evacuate Collection Set: 16.4ms
[2025-05-09T21:19:02.983+0200][gc,phases     ] GC(6)   Post Evacuate Collection Set: 1.4ms
[2025-05-09T21:19:02.983+0200][gc,phases     ] GC(6)   Other: 0.5ms
[2025-05-09T21:19:02.983+0200][gc,heap       ] GC(6) Eden regions: 45->0(45)
[2025-05-09T21:19:02.983+0200][gc,heap       ] GC(6) Survivor regions: 6->6(7)
[2025-05-09T21:19:02.983+0200][gc,heap       ] GC(6) Old regions: 11->13
[2025-05-09T21:19:02.983+0200][gc,heap       ] GC(6) Humongous regions: 129->129
[2025-05-09T21:19:02.983+0200][gc,metaspace  ] GC(6) Metaspace: 40852K(43084K)->40852K(43084K) NonClass: 35736K(36864K)->35736K(36864K) Class: 5116K(6220K)->5116K(6220K)
[2025-05-09T21:19:02.983+0200][gc            ] GC(6) Pause Young (Normal) (G1 Evacuation Pause) 188M->146M(1024M) 20.056ms
[2025-05-09T21:19:02.984+0200][gc,cpu        ] GC(6) User=0.13s Sys=0.00s Real=0.02s
[2025-05-09T21:27:58.046+0200][gc,start      ] GC(7) Pause Young (Normal) (G1 Evacuation Pause)
[2025-05-09T21:27:58.047+0200][gc,task       ] GC(7) Using 10 workers of 10 for evacuation
[2025-05-09T21:27:58.076+0200][gc,mmu        ] GC(7) MMU target violated: 21.0ms (20.0ms/21.0ms)
[2025-05-09T21:27:58.076+0200][gc,phases     ] GC(7)   Pre Evacuate Collection Set: 2.3ms
[2025-05-09T21:27:58.076+0200][gc,phases     ] GC(7)   Evacuate Collection Set: 24.2ms
[2025-05-09T21:27:58.076+0200][gc,phases     ] GC(7)   Post Evacuate Collection Set: 2.6ms
[2025-05-09T21:27:58.076+0200][gc,phases     ] GC(7)   Other: 0.9ms
[2025-05-09T21:27:58.076+0200][gc,heap       ] GC(7) Eden regions: 45->0(44)
[2025-05-09T21:27:58.076+0200][gc,heap       ] GC(7) Survivor regions: 6->7(7)
[2025-05-09T21:27:58.076+0200][gc,heap       ] GC(7) Old regions: 13->16
[2025-05-09T21:27:58.076+0200][gc,heap       ] GC(7) Humongous regions: 129->129
[2025-05-09T21:27:58.076+0200][gc,metaspace  ] GC(7) Metaspace: 44591K(47436K)->44591K(47436K) NonClass: 38927K(40448K)->38927K(40448K) Class: 5663K(6988K)->5663K(6988K)
[2025-05-09T21:27:58.076+0200][gc            ] GC(7) Pause Young (Normal) (G1 Evacuation Pause) 191M->149M(1024M) 30.008ms
[2025-05-09T21:27:58.077+0200][gc,cpu        ] GC(7) User=0.20s Sys=0.00s Real=0.03s
[2025-05-09T21:48:27.539+0200][gc,start      ] GC(8) Pause Young (Normal) (G1 Evacuation Pause)
[2025-05-09T21:48:27.540+0200][gc,task       ] GC(8) Using 10 workers of 10 for evacuation
[2025-05-09T21:48:27.558+0200][gc,phases     ] GC(8)   Pre Evacuate Collection Set: 1.7ms
[2025-05-09T21:48:27.558+0200][gc,phases     ] GC(8)   Evacuate Collection Set: 13.6ms
[2025-05-09T21:48:27.558+0200][gc,phases     ] GC(8)   Post Evacuate Collection Set: 2.1ms
[2025-05-09T21:48:27.559+0200][gc,phases     ] GC(8)   Other: 1.6ms
[2025-05-09T21:48:27.559+0200][gc,heap       ] GC(8) Eden regions: 44->0(47)
[2025-05-09T21:48:27.559+0200][gc,heap       ] GC(8) Survivor regions: 7->4(7)
[2025-05-09T21:48:27.559+0200][gc,heap       ] GC(8) Old regions: 16->19
[2025-05-09T21:48:27.559+0200][gc,heap       ] GC(8) Humongous regions: 129->129
[2025-05-09T21:48:27.559+0200][gc,metaspace  ] GC(8) Metaspace: 44763K(47436K)->44763K(47436K) NonClass: 39092K(40448K)->39092K(40448K) Class: 5670K(6988K)->5670K(6988K)
[2025-05-09T21:48:27.559+0200][gc            ] GC(8) Pause Young (Normal) (G1 Evacuation Pause) 193M->149M(1024M) 19.229ms
[2025-05-09T21:48:27.559+0200][gc,cpu        ] GC(8) User=0.10s Sys=0.00s Real=0.02s
[2025-05-09T22:04:14.746+0200][gc,start      ] GC(9) Pause Young (Normal) (G1 Evacuation Pause)
[2025-05-09T22:04:14.746+0200][gc,task       ] GC(9) Using 10 workers of 10 for evacuation
[2025-05-09T22:04:14.760+0200][gc,phases     ] GC(9)   Pre Evacuate Collection Set: 5.6ms
[2025-05-09T22:04:14.760+0200][gc,phases     ] GC(9)   Evacuate Collection Set: 5.4ms
[2025-05-09T22:04:14.760+0200][gc,phases     ] GC(9)   Post Evacuate Collection Set: 2.4ms
[2025-05-09T22:04:14.760+0200][gc,phases     ] GC(9)   Other: 0.8ms
[2025-05-09T22:04:14.760+0200][gc,heap       ] GC(9) Eden regions: 47->0(48)
[2025-05-09T22:04:14.760+0200][gc,heap       ] GC(9) Survivor regions: 4->3(7)
[2025-05-09T22:04:14.760+0200][gc,heap       ] GC(9) Old regions: 19->19
[2025-05-09T22:04:14.760+0200][gc,heap       ] GC(9) Humongous regions: 129->129
[2025-05-09T22:04:14.760+0200][gc,metaspace  ] GC(9) Metaspace: 44855K(47692K)->44855K(47692K) NonClass: 39184K(40704K)->39184K(40704K) Class: 5670K(6988K)->5670K(6988K)
[2025-05-09T22:04:14.760+0200][gc            ] GC(9) Pause Young (Normal) (G1 Evacuation Pause) 196M->149M(1024M) 14.197ms
[2025-05-09T22:04:14.760+0200][gc,cpu        ] GC(9) User=0.06s Sys=0.01s Real=0.02s
[2025-05-09T22:20:48.935+0200][gc,start      ] GC(10) Pause Young (Normal) (G1 Evacuation Pause)
[2025-05-09T22:20:48.944+0200][gc,task       ] GC(10) Using 10 workers of 10 for evacuation
[2025-05-09T22:20:48.963+0200][gc,phases     ] GC(10)   Pre Evacuate Collection Set: 1.5ms
[2025-05-09T22:20:48.963+0200][gc,phases     ] GC(10)   Evacuate Collection Set: 14.2ms
[2025-05-09T22:20:48.963+0200][gc,phases     ] GC(10)   Post Evacuate Collection Set: 2.8ms
[2025-05-09T22:20:48.963+0200][gc,phases     ] GC(10)   Other: 10.2ms
[2025-05-09T22:20:48.963+0200][gc,heap       ] GC(10) Eden regions: 48->0(46)
[2025-05-09T22:20:48.963+0200][gc,heap       ] GC(10) Survivor regions: 3->5(7)
[2025-05-09T22:20:48.963+0200][gc,heap       ] GC(10) Old regions: 19->19
[2025-05-09T22:20:48.963+0200][gc,heap       ] GC(10) Humongous regions: 129->129
[2025-05-09T22:20:48.963+0200][gc,metaspace  ] GC(10) Metaspace: 44950K(47692K)->44950K(47692K) NonClass: 39279K(40704K)->39279K(40704K) Class: 5670K(6988K)->5670K(6988K)
[2025-05-09T22:20:48.963+0200][gc            ] GC(10) Pause Young (Normal) (G1 Evacuation Pause) 197M->150M(1024M) 28.710ms
[2025-05-09T22:20:48.964+0200][gc,cpu        ] GC(10) User=0.12s Sys=0.01s Real=0.03s
[2025-05-09T22:31:45.211+0200][gc,heap,exit  ] Heap
[2025-05-09T22:31:45.212+0200][gc,heap,exit  ]  garbage-first heap   total 1048576K, used 198887K [0x00000000c0000000, 0x0000000100000000)
[2025-05-09T22:31:45.212+0200][gc,heap,exit  ]   region size 1024K, 51 young (52224K), 5 survivors (5120K)
[2025-05-09T22:31:45.212+0200][gc,heap,exit  ]  Metaspace       used 46219K, capacity 49086K, committed 49228K, reserved 1091584K
[2025-05-09T22:31:45.212+0200][gc,heap,exit  ]   class space    used 5956K, capacity 7375K, committed 7500K, reserved 1048576K
