[2025-05-02T11:32:55.318+0200][gc,heap] Heap region size: 1M
[2025-05-02T11:32:55.325+0200][gc     ] Using G1
[2025-05-02T11:32:55.325+0200][gc,heap,coops] Heap address: 0x00000000e0000000, size: 512 MB, Compressed Oops mode: 32-bit
[2025-05-02T11:32:55.326+0200][gc,cds       ] Mark closed archive regions in map: [0x00000000fff00000, 0x00000000fff6bff8]
[2025-05-02T11:32:55.326+0200][gc,cds       ] Mark open archive regions in map: [0x00000000ffe00000, 0x00000000ffe47ff8]
[2025-05-02T11:32:56.423+0200][gc,start     ] GC(0) Pause Young (Normal) (G1 Evacuation Pause)
[2025-05-02T11:32:56.425+0200][gc,task      ] GC(0) Using 10 workers of 10 for evacuation
[2025-05-02T11:32:56.442+0200][gc,phases    ] GC(0)   Pre Evacuate Collection Set: 0.0ms
[2025-05-02T11:32:56.442+0200][gc,phases    ] GC(0)   Evacuate Collection Set: 15.2ms
[2025-05-02T11:32:56.442+0200][gc,phases    ] GC(0)   Post Evacuate Collection Set: 1.1ms
[2025-05-02T11:32:56.442+0200][gc,phases    ] GC(0)   Other: 2.2ms
[2025-05-02T11:32:56.442+0200][gc,heap      ] GC(0) Eden regions: 25->0(21)
[2025-05-02T11:32:56.442+0200][gc,heap      ] GC(0) Survivor regions: 0->4(4)
[2025-05-02T11:32:56.442+0200][gc,heap      ] GC(0) Old regions: 2->6
[2025-05-02T11:32:56.442+0200][gc,heap      ] GC(0) Humongous regions: 0->0
[2025-05-02T11:32:56.442+0200][gc,metaspace ] GC(0) Metaspace: 7299K(7936K)->7299K(7936K) NonClass: 6484K(6912K)->6484K(6912K) Class: 814K(1024K)->814K(1024K)
[2025-05-02T11:32:56.442+0200][gc           ] GC(0) Pause Young (Normal) (G1 Evacuation Pause) 25M->8M(512M) 18.991ms
[2025-05-02T11:32:56.442+0200][gc,cpu       ] GC(0) User=0.09s Sys=0.08s Real=0.01s
[2025-05-02T15:45:29.005+0200][gc,start     ] GC(1) Pause Young (Normal) (G1 Evacuation Pause)
[2025-05-02T15:45:29.006+0200][gc,task      ] GC(1) Using 10 workers of 10 for evacuation
[2025-05-02T15:45:29.047+0200][gc,mmu       ] GC(1) MMU target violated: 21.0ms (20.0ms/21.0ms)
[2025-05-02T15:45:29.047+0200][gc,phases    ] GC(1)   Pre Evacuate Collection Set: 8.5ms
[2025-05-02T15:45:29.047+0200][gc,phases    ] GC(1)   Evacuate Collection Set: 28.7ms
[2025-05-02T15:45:29.047+0200][gc,phases    ] GC(1)   Post Evacuate Collection Set: 2.3ms
[2025-05-02T15:45:29.047+0200][gc,phases    ] GC(1)   Other: 2.8ms
[2025-05-02T15:45:29.047+0200][gc,heap      ] GC(1) Eden regions: 21->0(24)
[2025-05-02T15:45:29.047+0200][gc,heap      ] GC(1) Survivor regions: 4->1(4)
[2025-05-02T15:45:29.047+0200][gc,heap      ] GC(1) Old regions: 6->10
[2025-05-02T15:45:29.047+0200][gc,heap      ] GC(1) Humongous regions: 0->0
[2025-05-02T15:45:29.047+0200][gc,metaspace ] GC(1) Metaspace: 9569K(10240K)->9569K(10240K) NonClass: 8566K(8960K)->8566K(8960K) Class: 1002K(1280K)->1002K(1280K)
[2025-05-02T15:45:29.047+0200][gc           ] GC(1) Pause Young (Normal) (G1 Evacuation Pause) 29M->9M(512M) 42.089ms
[2025-05-02T15:45:29.047+0200][gc,cpu       ] GC(1) User=0.32s Sys=0.00s Real=0.04s
