[2025-05-09T21:15:26.273+0200][gc,heap] Heap region size: 1M
[2025-05-09T21:15:26.281+0200][gc     ] Using G1
[2025-05-09T21:15:26.281+0200][gc,heap,coops] Heap address: 0x00000000e0000000, size: 512 MB, Compressed Oops mode: 32-bit
[2025-05-09T21:15:26.281+0200][gc,cds       ] Mark closed archive regions in map: [0x00000000fff00000, 0x00000000fff6bff8]
[2025-05-09T21:15:26.281+0200][gc,cds       ] Mark open archive regions in map: [0x00000000ffe00000, 0x00000000ffe47ff8]
[2025-05-09T21:15:28.073+0200][gc,start     ] GC(0) Pause Young (Normal) (G1 Evacuation Pause)
[2025-05-09T21:15:28.076+0200][gc,task      ] GC(0) Using 10 workers of 10 for evacuation
[2025-05-09T21:15:28.096+0200][gc,mmu       ] GC(0) MMU target violated: 20.2ms (20.0ms/21.0ms)
[2025-05-09T21:15:28.097+0200][gc,phases    ] GC(0)   Pre Evacuate Collection Set: 0.0ms
[2025-05-09T21:15:28.097+0200][gc,phases    ] GC(0)   Evacuate Collection Set: 18.3ms
[2025-05-09T21:15:28.097+0200][gc,phases    ] GC(0)   Post Evacuate Collection Set: 1.7ms
[2025-05-09T21:15:28.097+0200][gc,phases    ] GC(0)   Other: 3.8ms
[2025-05-09T21:15:28.097+0200][gc,heap      ] GC(0) Eden regions: 25->0(21)
[2025-05-09T21:15:28.097+0200][gc,heap      ] GC(0) Survivor regions: 0->4(4)
[2025-05-09T21:15:28.097+0200][gc,heap      ] GC(0) Old regions: 2->6
[2025-05-09T21:15:28.097+0200][gc,heap      ] GC(0) Humongous regions: 0->0
[2025-05-09T21:15:28.097+0200][gc,metaspace ] GC(0) Metaspace: 7200K(7680K)->7200K(7680K) NonClass: 6395K(6656K)->6395K(6656K) Class: 804K(1024K)->804K(1024K)
[2025-05-09T21:15:28.097+0200][gc           ] GC(0) Pause Young (Normal) (G1 Evacuation Pause) 25M->8M(512M) 23.888ms
[2025-05-09T21:15:28.097+0200][gc,cpu       ] GC(0) User=0.08s Sys=0.10s Real=0.03s
[2025-05-09T22:31:43.164+0200][gc,heap,exit ] Heap
[2025-05-09T22:31:43.165+0200][gc,heap,exit ]  garbage-first heap   total 524288K, used 27304K [0x00000000e0000000, 0x0000000100000000)
[2025-05-09T22:31:43.165+0200][gc,heap,exit ]   region size 1024K, 24 young (24576K), 4 survivors (4096K)
[2025-05-09T22:31:43.165+0200][gc,heap,exit ]  Metaspace       used 9594K, capacity 9981K, committed 10240K, reserved 1058816K
[2025-05-09T22:31:43.165+0200][gc,heap,exit ]   class space    used 1008K, capacity 1165K, committed 1280K, reserved 1048576K
